******************************************************************************
                  TI ARM Linker PC v16.9.1                     
******************************************************************************
>> Linked Tue Jun 13 20:12:36 2017

OUTPUT FILE NAME:   <Lab4_ADC_Converter.out>
ENTRY POINT SYMBOL: "_c_int00"  address: 00000991


MEMORY CONFIGURATION

         name            origin    length      used     unused   attr    fill
----------------------  --------  ---------  --------  --------  ----  --------
  FLASH                 00000000   00040000  00000cac  0003f354  R  X
  SRAM                  20000000   00008000  00000220  00007de0  RW X


SEGMENT ALLOCATION MAP

run origin  load origin   length   init length attrs members
----------  ----------- ---------- ----------- ----- -------
00000000    00000000    00000cb0   00000cb0    r-x
  00000000    00000000    0000026c   0000026c    r-- .intvecs
  0000026c    0000026c    00000a08   00000a08    r-x .text
  00000c78    00000c78    00000038   00000038    r-- .cinit
20000000    20000000    00000220   00000000    rw-
  20000000    20000000    00000200   00000000    rw- .stack
  20000200    20000200    00000018   00000000    rw- .data
  20000218    20000218    00000008   00000000    rw- .bss


SECTION ALLOCATION MAP

 output                                  attributes/
section   page    origin      length       input sections
--------  ----  ----------  ----------   ----------------
.intvecs   0    00000000    0000026c     
                  00000000    0000026c     tm4c123gh6pm_startup_ccs.obj (.intvecs)

.text      0    0000026c    00000a08     
                  0000026c    00000160     main.obj (.text)
                  000003cc    00000136     rtsv7M4_T_le_v4SPD16_eabi.lib : fd_div_t2.obj (.text)
                  00000502    00000132     driverlib.lib : gpio.obj (.text:GPIOPadConfigSet)
                  00000634    000000f4                   : sysctl.obj (.text:SysCtlClockSet)
                  00000728    0000009c     rtsv7M4_T_le_v4SPD16_eabi.lib : memcpy_t2.obj (.text)
                  000007c4    0000007a     driverlib.lib : adc.obj (.text:ADCSequenceStepConfigure)
                  0000083e    0000007a     rtsv7M4_T_le_v4SPD16_eabi.lib : memset_t2.obj (.text)
                  000008b8    00000070                                   : autoinit.obj (.text)
                  00000928    00000068                                   : copy_decompress_lzss.obj (.text:decompress:lzss)
                  00000990    00000054                                   : boot.obj (.text)
                  000009e4    00000054                                   : exit.obj (.text)
                  00000a38    00000050     driverlib.lib : adc.obj (.text:ADCSequenceConfigure)
                  00000a88    0000004c     rtsv7M4_T_le_v4SPD16_eabi.lib : cpy_tbl.obj (.text)
                  00000ad4    00000044                                   : fd_tou_t2.obj (.text)
                  00000b18    00000034     driverlib.lib : sysctl.obj (.text:SysCtlPeripheralEnable)
                  00000b4c    0000002a                   : gpio.obj (.text:GPIODirModeSet)
                  00000b76    00000020     rtsv7M4_T_le_v4SPD16_eabi.lib : u_tofd_t2.obj (.text)
                  00000b96    0000001e     driverlib.lib : adc.obj (.text:ADCSequenceDataGet)
                  00000bb4    00000018                   : adc.obj (.text:ADCProcessorTrigger)
                  00000bcc    00000018                   : gpio.obj (.text:GPIOPinTypeGPIOOutput)
                  00000be4    00000018     rtsv7M4_T_le_v4SPD16_eabi.lib : args_main.obj (.text)
                  00000bfc    00000014                                   : _lock.obj (.text)
                  00000c10    00000012     driverlib.lib : gpio.obj (.text:GPIOPinTypeADC)
                  00000c22    0000000e                   : adc.obj (.text:ADCSequenceEnable)
                  00000c30    0000000e     rtsv7M4_T_le_v4SPD16_eabi.lib : copy_decompress_none.obj (.text:decompress:none)
                  00000c3e    0000000c                                   : copy_zero_init.obj (.text:decompress:ZI)
                  00000c4a    0000000c     tm4c123gh6pm_startup_ccs.obj (.text)
                  00000c56    0000000a     driverlib.lib : adc.obj (.text:ADCIntClear)
                  00000c60    00000006                   : gpio.obj (.text:GPIOPinWrite)
                  00000c66    00000006                   : sysctl.obj (.text:SysCtlDelay)
                  00000c6c    00000004     rtsv7M4_T_le_v4SPD16_eabi.lib : pre_init.obj (.text)
                  00000c70    00000002                                   : mpu_init.obj (.text)
                  00000c72    00000002                                   : startup.obj (.text)

.cinit     0    00000c78    00000038     
                  00000c78    00000011     (.cinit..data.load) [load image, compression = lzss]
                  00000c89    00000003     --HOLE-- [fill = 0]
                  00000c8c    0000000c     (__TI_handler_table)
                  00000c98    00000008     (.cinit..bss.load) [load image, compression = zero_init]
                  00000ca0    00000010     (__TI_cinit_table)

.init_array 
*          0    00000000    00000000     UNINITIALIZED

.stack     0    20000000    00000200     UNINITIALIZED
                  20000000    00000200     --HOLE--

.data      0    20000200    00000018     UNINITIALIZED
                  20000200    0000000c     rtsv7M4_T_le_v4SPD16_eabi.lib : exit.obj (.data:$O1$$)
                  2000020c    00000008                                   : _lock.obj (.data:$O1$$)
                  20000214    00000004                                   : stkdepth_vars.obj (.data)

.bss       0    20000218    00000008     UNINITIALIZED
                  20000218    00000004     (.common:ADCValue)
                  2000021c    00000004     (.common:DegValue)

MODULE SUMMARY

       Module                         code   ro data   rw data
       ------                         ----   -------   -------
    .\
       tm4c123gh6pm_startup_ccs.obj   12     620       0      
       main.obj                       352    0         8      
    +--+------------------------------+------+---------+---------+
       Total:                         364    620       8      
                                                              
    D:/ti/TivaWare_C_Series-2/driverlib/ccs/Debug/driverlib.lib
       gpio.obj                       396    0         0      
       sysctl.obj                     302    0         0      
       adc.obj                        280    0         0      
    +--+------------------------------+------+---------+---------+
       Total:                         978    0         0      
                                                              
    D:\ti\ccsv7\tools\compiler\ti-cgt-arm_16.9.1.LTS\lib\rtsv7M4_T_le_v4SPD16_eabi.lib
       fd_div_t2.obj                  310    0         0      
       memcpy_t2.obj                  156    0         0      
       memset_t2.obj                  122    0         0      
       autoinit.obj                   112    0         0      
       copy_decompress_lzss.obj       104    0         0      
       exit.obj                       84     0         12     
       boot.obj                       84     0         0      
       cpy_tbl.obj                    76     0         0      
       fd_tou_t2.obj                  68     0         0      
       u_tofd_t2.obj                  32     0         0      
       _lock.obj                      20     0         8      
       args_main.obj                  24     0         0      
       copy_decompress_none.obj       14     0         0      
       copy_zero_init.obj             12     0         0      
       pre_init.obj                   4      0         0      
       stkdepth_vars.obj              0      0         4      
       mpu_init.obj                   2      0         0      
       startup.obj                    2      0         0      
    +--+------------------------------+------+---------+---------+
       Total:                         1226   0         24     
                                                              
       Stack:                         0      0         512    
       Linker Generated:              0      53        0      
    +--+------------------------------+------+---------+---------+
       Grand Total:                   2568   673       544    


LINKER GENERATED COPY TABLES

__TI_cinit_table @ 00000ca0 records: 2, size/record: 8, table size: 16
	.data: load addr=00000c78, load size=00000011 bytes, run addr=20000200, run size=00000018 bytes, compression=lzss
	.bss: load addr=00000c98, load size=00000008 bytes, run addr=20000218, run size=00000008 bytes, compression=zero_init


LINKER GENERATED HANDLER TABLE

__TI_handler_table @ 00000c8c records: 3, size/record: 4, table size: 12
	index: 0, handler: __TI_decompress_lzss
	index: 1, handler: __TI_decompress_none
	index: 2, handler: __TI_zero_init


GLOBAL SYMBOLS: SORTED ALPHABETICALLY BY Name 

address   name                           
-------   ----                           
00000c57  ADCIntClear                    
00000bb5  ADCProcessorTrigger            
00000a39  ADCSequenceConfigure           
00000b97  ADCSequenceDataGet             
00000c23  ADCSequenceEnable              
000007c5  ADCSequenceStepConfigure       
20000218  ADCValue                       
000009e5  C$$EXIT                        
2000021c  DegValue                       
00000b4d  GPIODirModeSet                 
00000503  GPIOPadConfigSet               
00000c11  GPIOPinTypeADC                 
00000bcd  GPIOPinTypeGPIOOutput          
00000c61  GPIOPinWrite                   
00000c4b  ResetISR                       
UNDEFED   SHT$$INIT_ARRAY$$Base          
UNDEFED   SHT$$INIT_ARRAY$$Limit         
00000635  SysCtlClockSet                 
00000c67  SysCtlDelay                    
00000b19  SysCtlPeripheralEnable         
20000200  __STACK_END                    
00000200  __STACK_SIZE                   
20000200  __STACK_TOP                    
00000ca0  __TI_CINIT_Base                
00000cb0  __TI_CINIT_Limit               
00000c8c  __TI_Handler_Table_Base        
00000c98  __TI_Handler_Table_Limit       
000008b9  __TI_auto_init                 
20000200  __TI_cleanup_ptr               
00000929  __TI_decompress_lzss           
00000c31  __TI_decompress_none           
20000204  __TI_dtors_ptr                 
20000208  __TI_enable_exit_profile_output
ffffffff  __TI_pprof_out_hndl            
ffffffff  __TI_prof_data_size            
ffffffff  __TI_prof_data_start           
00000000  __TI_static_base__             
00000c3f  __TI_zero_init                 
00000ad5  __aeabi_d2uiz                  
000003cd  __aeabi_ddiv                   
0000083f  __aeabi_memclr                 
0000083f  __aeabi_memclr4                
0000083f  __aeabi_memclr8                
00000729  __aeabi_memcpy                 
00000729  __aeabi_memcpy4                
00000729  __aeabi_memcpy8                
00000841  __aeabi_memset                 
00000841  __aeabi_memset4                
00000841  __aeabi_memset8                
00000b77  __aeabi_ui2d                   
ffffffff  __binit__                      
ffffffff  __c_args__                     
00000c71  __mpu_init                     
20000000  __stack                        
00000be5  _args_main                     
00000991  _c_int00                       
2000020c  _lock                          
00000c0b  _nop                           
00000c03  _register_lock                 
00000bfd  _register_unlock               
00000c73  _system_post_cinit             
00000c6d  _system_pre_init               
20000210  _unlock                        
000009e9  abort                          
ffffffff  binit                          
00000a89  copy_in                        
000009f1  exit                           
00000000  g_pfnVectors                   
0000026d  main                           
20000214  main_func_sp                   
00000729  memcpy                         
00000847  memset                         


GLOBAL SYMBOLS: SORTED BY Symbol Address 

address   name                           
-------   ----                           
00000000  __TI_static_base__             
00000000  g_pfnVectors                   
00000200  __STACK_SIZE                   
0000026d  main                           
000003cd  __aeabi_ddiv                   
00000503  GPIOPadConfigSet               
00000635  SysCtlClockSet                 
00000729  __aeabi_memcpy                 
00000729  __aeabi_memcpy4                
00000729  __aeabi_memcpy8                
00000729  memcpy                         
000007c5  ADCSequenceStepConfigure       
0000083f  __aeabi_memclr                 
0000083f  __aeabi_memclr4                
0000083f  __aeabi_memclr8                
00000841  __aeabi_memset                 
00000841  __aeabi_memset4                
00000841  __aeabi_memset8                
00000847  memset                         
000008b9  __TI_auto_init                 
00000929  __TI_decompress_lzss           
00000991  _c_int00                       
000009e5  C$$EXIT                        
000009e9  abort                          
000009f1  exit                           
00000a39  ADCSequenceConfigure           
00000a89  copy_in                        
00000ad5  __aeabi_d2uiz                  
00000b19  SysCtlPeripheralEnable         
00000b4d  GPIODirModeSet                 
00000b77  __aeabi_ui2d                   
00000b97  ADCSequenceDataGet             
00000bb5  ADCProcessorTrigger            
00000bcd  GPIOPinTypeGPIOOutput          
00000be5  _args_main                     
00000bfd  _register_unlock               
00000c03  _register_lock                 
00000c0b  _nop                           
00000c11  GPIOPinTypeADC                 
00000c23  ADCSequenceEnable              
00000c31  __TI_decompress_none           
00000c3f  __TI_zero_init                 
00000c4b  ResetISR                       
00000c57  ADCIntClear                    
00000c61  GPIOPinWrite                   
00000c67  SysCtlDelay                    
00000c6d  _system_pre_init               
00000c71  __mpu_init                     
00000c73  _system_post_cinit             
00000c8c  __TI_Handler_Table_Base        
00000c98  __TI_Handler_Table_Limit       
00000ca0  __TI_CINIT_Base                
00000cb0  __TI_CINIT_Limit               
20000000  __stack                        
20000200  __STACK_END                    
20000200  __STACK_TOP                    
20000200  __TI_cleanup_ptr               
20000204  __TI_dtors_ptr                 
20000208  __TI_enable_exit_profile_output
2000020c  _lock                          
20000210  _unlock                        
20000214  main_func_sp                   
20000218  ADCValue                       
2000021c  DegValue                       
ffffffff  __TI_pprof_out_hndl            
ffffffff  __TI_prof_data_size            
ffffffff  __TI_prof_data_start           
ffffffff  __binit__                      
ffffffff  __c_args__                     
ffffffff  binit                          
UNDEFED   SHT$$INIT_ARRAY$$Base          
UNDEFED   SHT$$INIT_ARRAY$$Limit         

[72 symbols]
