<?xml version="1.0"?>
<link_info>
   <banner>TI ARM Linker PC v16.9.1.LTS</banner>
   <copyright>Copyright (c) 1996-2015 Texas Instruments Incorporated</copyright>
   <link_time>0x59407f74</link_time>
   <link_errors>0x0</link_errors>
   <output_file>Lab4_ADC_Converter.out</output_file>
   <entry_point>
      <name>_c_int00</name>
      <address>0x991</address>
   </entry_point>
   <input_file_list>
      <input_file id="fl-2">
         <path>.\</path>
         <kind>object</kind>
         <file>main.obj</file>
         <name>main.obj</name>
      </input_file>
      <input_file id="fl-3">
         <path>.\</path>
         <kind>object</kind>
         <file>tm4c123gh6pm_startup_ccs.obj</file>
         <name>tm4c123gh6pm_startup_ccs.obj</name>
      </input_file>
      <input_file id="fl-be">
         <path>D:\ti\ccsv7\tools\compiler\ti-cgt-arm_16.9.1.LTS\lib\</path>
         <kind>archive</kind>
         <file>rtsv7M4_T_le_v4SPD16_eabi.lib</file>
         <name>boot.obj</name>
      </input_file>
      <input_file id="fl-bf">
         <path>D:\ti\ccsv7\tools\compiler\ti-cgt-arm_16.9.1.LTS\lib\</path>
         <kind>archive</kind>
         <file>rtsv7M4_T_le_v4SPD16_eabi.lib</file>
         <name>copy_decompress_lzss.obj</name>
      </input_file>
      <input_file id="fl-c0">
         <path>D:\ti\ccsv7\tools\compiler\ti-cgt-arm_16.9.1.LTS\lib\</path>
         <kind>archive</kind>
         <file>rtsv7M4_T_le_v4SPD16_eabi.lib</file>
         <name>copy_decompress_none.obj</name>
      </input_file>
      <input_file id="fl-c1">
         <path>D:\ti\ccsv7\tools\compiler\ti-cgt-arm_16.9.1.LTS\lib\</path>
         <kind>archive</kind>
         <file>rtsv7M4_T_le_v4SPD16_eabi.lib</file>
         <name>copy_zero_init.obj</name>
      </input_file>
      <input_file id="fl-c2">
         <path>D:\ti\ccsv7\tools\compiler\ti-cgt-arm_16.9.1.LTS\lib\</path>
         <kind>archive</kind>
         <file>rtsv7M4_T_le_v4SPD16_eabi.lib</file>
         <name>exit.obj</name>
      </input_file>
      <input_file id="fl-c3">
         <path>D:\ti\ccsv7\tools\compiler\ti-cgt-arm_16.9.1.LTS\lib\</path>
         <kind>archive</kind>
         <file>rtsv7M4_T_le_v4SPD16_eabi.lib</file>
         <name>fd_div_t2.obj</name>
      </input_file>
      <input_file id="fl-c4">
         <path>D:\ti\ccsv7\tools\compiler\ti-cgt-arm_16.9.1.LTS\lib\</path>
         <kind>archive</kind>
         <file>rtsv7M4_T_le_v4SPD16_eabi.lib</file>
         <name>fd_tou_t2.obj</name>
      </input_file>
      <input_file id="fl-c5">
         <path>D:\ti\ccsv7\tools\compiler\ti-cgt-arm_16.9.1.LTS\lib\</path>
         <kind>archive</kind>
         <file>rtsv7M4_T_le_v4SPD16_eabi.lib</file>
         <name>memcpy_t2.obj</name>
      </input_file>
      <input_file id="fl-c6">
         <path>D:\ti\ccsv7\tools\compiler\ti-cgt-arm_16.9.1.LTS\lib\</path>
         <kind>archive</kind>
         <file>rtsv7M4_T_le_v4SPD16_eabi.lib</file>
         <name>memset_t2.obj</name>
      </input_file>
      <input_file id="fl-c7">
         <path>D:\ti\ccsv7\tools\compiler\ti-cgt-arm_16.9.1.LTS\lib\</path>
         <kind>archive</kind>
         <file>rtsv7M4_T_le_v4SPD16_eabi.lib</file>
         <name>mpu_init.obj</name>
      </input_file>
      <input_file id="fl-c8">
         <path>D:\ti\ccsv7\tools\compiler\ti-cgt-arm_16.9.1.LTS\lib\</path>
         <kind>archive</kind>
         <file>rtsv7M4_T_le_v4SPD16_eabi.lib</file>
         <name>pre_init.obj</name>
      </input_file>
      <input_file id="fl-c9">
         <path>D:\ti\ccsv7\tools\compiler\ti-cgt-arm_16.9.1.LTS\lib\</path>
         <kind>archive</kind>
         <file>rtsv7M4_T_le_v4SPD16_eabi.lib</file>
         <name>stkdepth_vars.obj</name>
      </input_file>
      <input_file id="fl-ca">
         <path>D:\ti\ccsv7\tools\compiler\ti-cgt-arm_16.9.1.LTS\lib\</path>
         <kind>archive</kind>
         <file>rtsv7M4_T_le_v4SPD16_eabi.lib</file>
         <name>u_tofd_t2.obj</name>
      </input_file>
      <input_file id="fl-cb">
         <path>D:\ti\ccsv7\tools\compiler\ti-cgt-arm_16.9.1.LTS\lib\</path>
         <kind>archive</kind>
         <file>rtsv7M4_T_le_v4SPD16_eabi.lib</file>
         <name>_lock.obj</name>
      </input_file>
      <input_file id="fl-cc">
         <path>D:\ti\ccsv7\tools\compiler\ti-cgt-arm_16.9.1.LTS\lib\</path>
         <kind>archive</kind>
         <file>rtsv7M4_T_le_v4SPD16_eabi.lib</file>
         <name>args_main.obj</name>
      </input_file>
      <input_file id="fl-cd">
         <path>D:\ti\ccsv7\tools\compiler\ti-cgt-arm_16.9.1.LTS\lib\</path>
         <kind>archive</kind>
         <file>rtsv7M4_T_le_v4SPD16_eabi.lib</file>
         <name>autoinit.obj</name>
      </input_file>
      <input_file id="fl-ce">
         <path>D:\ti\ccsv7\tools\compiler\ti-cgt-arm_16.9.1.LTS\lib\</path>
         <kind>archive</kind>
         <file>rtsv7M4_T_le_v4SPD16_eabi.lib</file>
         <name>cpy_tbl.obj</name>
      </input_file>
      <input_file id="fl-cf">
         <path>D:\ti\ccsv7\tools\compiler\ti-cgt-arm_16.9.1.LTS\lib\</path>
         <kind>archive</kind>
         <file>rtsv7M4_T_le_v4SPD16_eabi.lib</file>
         <name>startup.obj</name>
      </input_file>
      <input_file id="fl-d0">
         <path>D:\ti\TivaWare_C_Series-2\driverlib\ccs\Debug\</path>
         <kind>archive</kind>
         <file>driverlib.lib</file>
         <name>adc.obj</name>
      </input_file>
      <input_file id="fl-d1">
         <path>D:\ti\TivaWare_C_Series-2\driverlib\ccs\Debug\</path>
         <kind>archive</kind>
         <file>driverlib.lib</file>
         <name>gpio.obj</name>
      </input_file>
      <input_file id="fl-d2">
         <path>D:\ti\TivaWare_C_Series-2\driverlib\ccs\Debug\</path>
         <kind>archive</kind>
         <file>driverlib.lib</file>
         <name>interrupt.obj</name>
      </input_file>
      <input_file id="fl-d3">
         <path>D:\ti\TivaWare_C_Series-2\driverlib\ccs\Debug\</path>
         <kind>archive</kind>
         <file>driverlib.lib</file>
         <name>sysctl.obj</name>
      </input_file>
      <input_file id="fl-d4">
         <path>D:\ti\TivaWare_C_Series-2\driverlib\ccs\Debug\</path>
         <kind>archive</kind>
         <file>driverlib.lib</file>
         <name>cpu.obj</name>
      </input_file>
   </input_file_list>
   <object_component_list>
      <object_component id="oc-f">
         <name>.intvecs</name>
         <load_address>0x0</load_address>
         <run_address>0x0</run_address>
         <size>0x26c</size>
         <input_file_ref idref="fl-3"/>
      </object_component>
      <object_component id="oc-a7">
         <name>.text</name>
         <load_address>0x26c</load_address>
         <run_address>0x26c</run_address>
         <size>0x160</size>
         <input_file_ref idref="fl-2"/>
      </object_component>
      <object_component id="oc-10c">
         <name>.text</name>
         <load_address>0x3cc</load_address>
         <run_address>0x3cc</run_address>
         <size>0x136</size>
         <input_file_ref idref="fl-c3"/>
      </object_component>
      <object_component id="oc-146">
         <name>.text:GPIOPadConfigSet</name>
         <load_address>0x502</load_address>
         <run_address>0x502</run_address>
         <size>0x132</size>
         <input_file_ref idref="fl-d1"/>
      </object_component>
      <object_component id="oc-cb">
         <name>.text:SysCtlClockSet</name>
         <load_address>0x634</load_address>
         <run_address>0x634</run_address>
         <size>0xf4</size>
         <input_file_ref idref="fl-d3"/>
      </object_component>
      <object_component id="oc-3f">
         <name>.text</name>
         <load_address>0x728</load_address>
         <run_address>0x728</run_address>
         <size>0x9c</size>
         <input_file_ref idref="fl-c5"/>
      </object_component>
      <object_component id="oc-e9">
         <name>.text:ADCSequenceStepConfigure</name>
         <load_address>0x7c4</load_address>
         <run_address>0x7c4</run_address>
         <size>0x7a</size>
         <input_file_ref idref="fl-d0"/>
      </object_component>
      <object_component id="oc-4b">
         <name>.text</name>
         <load_address>0x83e</load_address>
         <run_address>0x83e</run_address>
         <size>0x7a</size>
         <input_file_ref idref="fl-c6"/>
      </object_component>
      <object_component id="oc-63">
         <name>.text</name>
         <load_address>0x8b8</load_address>
         <run_address>0x8b8</run_address>
         <size>0x70</size>
         <input_file_ref idref="fl-cd"/>
      </object_component>
      <object_component id="oc-12">
         <name>.text:decompress:lzss</name>
         <load_address>0x928</load_address>
         <run_address>0x928</run_address>
         <size>0x68</size>
         <input_file_ref idref="fl-bf"/>
      </object_component>
      <object_component id="oc-24">
         <name>.text</name>
         <load_address>0x990</load_address>
         <run_address>0x990</run_address>
         <size>0x54</size>
         <input_file_ref idref="fl-be"/>
      </object_component>
      <object_component id="oc-6f">
         <name>.text</name>
         <load_address>0x9e4</load_address>
         <run_address>0x9e4</run_address>
         <size>0x54</size>
         <input_file_ref idref="fl-c2"/>
      </object_component>
      <object_component id="oc-e3">
         <name>.text:ADCSequenceConfigure</name>
         <load_address>0xa38</load_address>
         <run_address>0xa38</run_address>
         <size>0x50</size>
         <input_file_ref idref="fl-d0"/>
      </object_component>
      <object_component id="oc-99">
         <name>.text</name>
         <load_address>0xa88</load_address>
         <run_address>0xa88</run_address>
         <size>0x4c</size>
         <input_file_ref idref="fl-ce"/>
      </object_component>
      <object_component id="oc-111">
         <name>.text</name>
         <load_address>0xad4</load_address>
         <run_address>0xad4</run_address>
         <size>0x44</size>
         <input_file_ref idref="fl-c4"/>
      </object_component>
      <object_component id="oc-d1">
         <name>.text:SysCtlPeripheralEnable</name>
         <load_address>0xb18</load_address>
         <run_address>0xb18</run_address>
         <size>0x34</size>
         <input_file_ref idref="fl-d3"/>
      </object_component>
      <object_component id="oc-14c">
         <name>.text:GPIODirModeSet</name>
         <load_address>0xb4c</load_address>
         <run_address>0xb4c</run_address>
         <size>0x2a</size>
         <input_file_ref idref="fl-d1"/>
      </object_component>
      <object_component id="oc-107">
         <name>.text</name>
         <load_address>0xb76</load_address>
         <run_address>0xb76</run_address>
         <size>0x20</size>
         <input_file_ref idref="fl-ca"/>
      </object_component>
      <object_component id="oc-101">
         <name>.text:ADCSequenceDataGet</name>
         <load_address>0xb96</load_address>
         <run_address>0xb96</run_address>
         <size>0x1e</size>
         <input_file_ref idref="fl-d0"/>
      </object_component>
      <object_component id="oc-fb">
         <name>.text:ADCProcessorTrigger</name>
         <load_address>0xbb4</load_address>
         <run_address>0xbb4</run_address>
         <size>0x18</size>
         <input_file_ref idref="fl-d0"/>
      </object_component>
      <object_component id="oc-d7">
         <name>.text:GPIOPinTypeGPIOOutput</name>
         <load_address>0xbcc</load_address>
         <run_address>0xbcc</run_address>
         <size>0x18</size>
         <input_file_ref idref="fl-d1"/>
      </object_component>
      <object_component id="oc-69">
         <name>.text</name>
         <load_address>0xbe4</load_address>
         <run_address>0xbe4</run_address>
         <size>0x18</size>
         <input_file_ref idref="fl-cc"/>
      </object_component>
      <object_component id="oc-12a">
         <name>.text</name>
         <load_address>0xbfc</load_address>
         <run_address>0xbfc</run_address>
         <size>0x14</size>
         <input_file_ref idref="fl-cb"/>
      </object_component>
      <object_component id="oc-dd">
         <name>.text:GPIOPinTypeADC</name>
         <load_address>0xc10</load_address>
         <run_address>0xc10</run_address>
         <size>0x12</size>
         <input_file_ref idref="fl-d1"/>
      </object_component>
      <object_component id="oc-ef">
         <name>.text:ADCSequenceEnable</name>
         <load_address>0xc22</load_address>
         <run_address>0xc22</run_address>
         <size>0xe</size>
         <input_file_ref idref="fl-d0"/>
      </object_component>
      <object_component id="oc-18">
         <name>.text:decompress:none</name>
         <load_address>0xc30</load_address>
         <run_address>0xc30</run_address>
         <size>0xe</size>
         <input_file_ref idref="fl-c0"/>
      </object_component>
      <object_component id="oc-1e">
         <name>.text:decompress:ZI</name>
         <load_address>0xc3e</load_address>
         <run_address>0xc3e</run_address>
         <size>0xc</size>
         <input_file_ref idref="fl-c1"/>
      </object_component>
      <object_component id="oc-2b">
         <name>.text</name>
         <load_address>0xc4a</load_address>
         <run_address>0xc4a</run_address>
         <size>0xc</size>
         <input_file_ref idref="fl-3"/>
      </object_component>
      <object_component id="oc-f5">
         <name>.text:ADCIntClear</name>
         <load_address>0xc56</load_address>
         <run_address>0xc56</run_address>
         <size>0xa</size>
         <input_file_ref idref="fl-d0"/>
      </object_component>
      <object_component id="oc-116">
         <name>.text:GPIOPinWrite</name>
         <load_address>0xc60</load_address>
         <run_address>0xc60</run_address>
         <size>0x6</size>
         <input_file_ref idref="fl-d1"/>
      </object_component>
      <object_component id="oc-142">
         <name>.text:SysCtlDelay</name>
         <load_address>0xc66</load_address>
         <run_address>0xc66</run_address>
         <size>0x6</size>
         <input_file_ref idref="fl-d3"/>
      </object_component>
      <object_component id="oc-5d">
         <name>.text</name>
         <load_address>0xc6c</load_address>
         <run_address>0xc6c</run_address>
         <size>0x4</size>
         <input_file_ref idref="fl-c8"/>
      </object_component>
      <object_component id="oc-57">
         <name>.text</name>
         <load_address>0xc70</load_address>
         <run_address>0xc70</run_address>
         <size>0x2</size>
         <input_file_ref idref="fl-c7"/>
      </object_component>
      <object_component id="oc-9f">
         <name>.text</name>
         <load_address>0xc72</load_address>
         <run_address>0xc72</run_address>
         <size>0x2</size>
         <input_file_ref idref="fl-cf"/>
      </object_component>
      <object_component id="oc-199">
         <name>.cinit..data.load</name>
         <load_address>0xc78</load_address>
         <run_address>0xc78</run_address>
         <size>0x11</size>
      </object_component>
      <object_component id="oc-197">
         <name>__TI_handler_table</name>
         <load_address>0xc8c</load_address>
         <run_address>0xc8c</run_address>
         <size>0xc</size>
      </object_component>
      <object_component id="oc-19a">
         <name>.cinit..bss.load</name>
         <load_address>0xc98</load_address>
         <run_address>0xc98</run_address>
         <size>0x8</size>
      </object_component>
      <object_component id="oc-198">
         <name>__TI_cinit_table</name>
         <load_address>0xca0</load_address>
         <run_address>0xca0</run_address>
         <size>0x10</size>
      </object_component>
      <object_component id="oc-af">
         <name>.data:$O1$$</name>
         <load_address>0x20000200</load_address>
         <run_address>0x20000200</run_address>
         <size>0xc</size>
         <input_file_ref idref="fl-c2"/>
      </object_component>
      <object_component id="oc-75">
         <name>.data</name>
         <load_address>0x20000214</load_address>
         <run_address>0x20000214</run_address>
         <size>0x4</size>
         <input_file_ref idref="fl-c9"/>
      </object_component>
      <object_component id="oc-b2">
         <name>.data:$O1$$</name>
         <load_address>0x2000020c</load_address>
         <run_address>0x2000020c</run_address>
         <size>0x8</size>
         <input_file_ref idref="fl-cb"/>
      </object_component>
      <object_component id="oc-11c">
         <name>.common:ADCValue</name>
         <uninitialized>true</uninitialized>
         <run_address>0x20000218</run_address>
         <size>0x4</size>
      </object_component>
      <object_component id="oc-11f">
         <name>.common:DegValue</name>
         <uninitialized>true</uninitialized>
         <run_address>0x2000021c</run_address>
         <size>0x4</size>
      </object_component>
      <object_component id="oc-2a">
         <name>.stack</name>
         <uninitialized>true</uninitialized>
         <run_address>0x20000000</run_address>
         <size>0x0</size>
         <input_file_ref idref="fl-be"/>
      </object_component>
      <object_component id="oc-19b">
         <name>.stack</name>
         <uninitialized>true</uninitialized>
         <run_address>0x20000000</run_address>
         <size>0x0</size>
      </object_component>
      <object_component id="oc-11d">
         <name>.debug_info</name>
         <load_address>0x0</load_address>
         <run_address>0x0</run_address>
         <size>0x3a4</size>
         <input_file_ref idref="fl-2"/>
      </object_component>
      <object_component id="oc-a8">
         <name>.debug_info</name>
         <load_address>0x3a4</load_address>
         <run_address>0x3a4</run_address>
         <size>0x34e</size>
         <input_file_ref idref="fl-2"/>
      </object_component>
      <object_component id="oc-3a">
         <name>.debug_info</name>
         <load_address>0x6f2</load_address>
         <run_address>0x6f2</run_address>
         <size>0x84</size>
         <input_file_ref idref="fl-2"/>
      </object_component>
      <object_component id="oc-7c">
         <name>.debug_info</name>
         <load_address>0x776</load_address>
         <run_address>0x776</run_address>
         <size>0x18b</size>
         <input_file_ref idref="fl-2"/>
      </object_component>
      <object_component id="oc-33">
         <name>.debug_info</name>
         <load_address>0x901</load_address>
         <run_address>0x901</run_address>
         <size>0x104</size>
         <input_file_ref idref="fl-3"/>
      </object_component>
      <object_component id="oc-10">
         <name>.debug_info</name>
         <load_address>0xa05</load_address>
         <run_address>0xa05</run_address>
         <size>0xef</size>
         <input_file_ref idref="fl-3"/>
      </object_component>
      <object_component id="oc-2c">
         <name>.debug_info</name>
         <load_address>0xaf4</load_address>
         <run_address>0xaf4</run_address>
         <size>0x26b</size>
         <input_file_ref idref="fl-3"/>
      </object_component>
      <object_component id="oc-26">
         <name>.debug_info</name>
         <load_address>0xd5f</load_address>
         <run_address>0xd5f</run_address>
         <size>0x160</size>
         <input_file_ref idref="fl-be"/>
      </object_component>
      <object_component id="oc-86">
         <name>.debug_info</name>
         <load_address>0xebf</load_address>
         <run_address>0xebf</run_address>
         <size>0xf9</size>
         <input_file_ref idref="fl-bf"/>
      </object_component>
      <object_component id="oc-16">
         <name>.debug_info</name>
         <load_address>0xfb8</load_address>
         <run_address>0xfb8</run_address>
         <size>0x245</size>
         <input_file_ref idref="fl-bf"/>
      </object_component>
      <object_component id="oc-35">
         <name>.debug_info</name>
         <load_address>0x11fd</load_address>
         <run_address>0x11fd</run_address>
         <size>0x60</size>
         <input_file_ref idref="fl-bf"/>
      </object_component>
      <object_component id="oc-81">
         <name>.debug_info</name>
         <load_address>0x125d</load_address>
         <run_address>0x125d</run_address>
         <size>0x46</size>
         <input_file_ref idref="fl-bf"/>
      </object_component>
      <object_component id="oc-4a">
         <name>.debug_info</name>
         <load_address>0x12a3</load_address>
         <run_address>0x12a3</run_address>
         <size>0x140</size>
         <input_file_ref idref="fl-c0"/>
      </object_component>
      <object_component id="oc-19">
         <name>.debug_info</name>
         <load_address>0x13e3</load_address>
         <run_address>0x13e3</run_address>
         <size>0x1df</size>
         <input_file_ref idref="fl-c0"/>
      </object_component>
      <object_component id="oc-45">
         <name>.debug_info</name>
         <load_address>0x15c2</load_address>
         <run_address>0x15c2</run_address>
         <size>0x46</size>
         <input_file_ref idref="fl-c0"/>
      </object_component>
      <object_component id="oc-88">
         <name>.debug_info</name>
         <load_address>0x1608</load_address>
         <run_address>0x1608</run_address>
         <size>0x2c</size>
         <input_file_ref idref="fl-c0"/>
      </object_component>
      <object_component id="oc-56">
         <name>.debug_info</name>
         <load_address>0x1634</load_address>
         <run_address>0x1634</run_address>
         <size>0x12f</size>
         <input_file_ref idref="fl-c1"/>
      </object_component>
      <object_component id="oc-21">
         <name>.debug_info</name>
         <load_address>0x1763</load_address>
         <run_address>0x1763</run_address>
         <size>0x1aa</size>
         <input_file_ref idref="fl-c1"/>
      </object_component>
      <object_component id="oc-51">
         <name>.debug_info</name>
         <load_address>0x190d</load_address>
         <run_address>0x190d</run_address>
         <size>0x46</size>
         <input_file_ref idref="fl-c1"/>
      </object_component>
      <object_component id="oc-90">
         <name>.debug_info</name>
         <load_address>0x1953</load_address>
         <run_address>0x1953</run_address>
         <size>0x2c</size>
         <input_file_ref idref="fl-c1"/>
      </object_component>
      <object_component id="oc-b6">
         <name>.debug_info</name>
         <load_address>0x197f</load_address>
         <run_address>0x197f</run_address>
         <size>0x234</size>
         <input_file_ref idref="fl-c2"/>
      </object_component>
      <object_component id="oc-b0">
         <name>.debug_info</name>
         <load_address>0x1bb3</load_address>
         <run_address>0x1bb3</run_address>
         <size>0x185</size>
         <input_file_ref idref="fl-c2"/>
      </object_component>
      <object_component id="oc-72">
         <name>.debug_info</name>
         <load_address>0x1d38</load_address>
         <run_address>0x1d38</run_address>
         <size>0x214</size>
         <input_file_ref idref="fl-c2"/>
      </object_component>
      <object_component id="oc-10d">
         <name>.debug_info</name>
         <load_address>0x1f4c</load_address>
         <run_address>0x1f4c</run_address>
         <size>0x132</size>
         <input_file_ref idref="fl-c3"/>
      </object_component>
      <object_component id="oc-113">
         <name>.debug_info</name>
         <load_address>0x207e</load_address>
         <run_address>0x207e</run_address>
         <size>0x131</size>
         <input_file_ref idref="fl-c4"/>
      </object_component>
      <object_component id="oc-41">
         <name>.debug_info</name>
         <load_address>0x21af</load_address>
         <run_address>0x21af</run_address>
         <size>0x111</size>
         <input_file_ref idref="fl-c5"/>
      </object_component>
      <object_component id="oc-4e">
         <name>.debug_info</name>
         <load_address>0x22c0</load_address>
         <run_address>0x22c0</run_address>
         <size>0x13f</size>
         <input_file_ref idref="fl-c6"/>
      </object_component>
      <object_component id="oc-58">
         <name>.debug_info</name>
         <load_address>0x23ff</load_address>
         <run_address>0x23ff</run_address>
         <size>0x138</size>
         <input_file_ref idref="fl-c7"/>
      </object_component>
      <object_component id="oc-61">
         <name>.debug_info</name>
         <load_address>0x2537</load_address>
         <run_address>0x2537</run_address>
         <size>0x148</size>
         <input_file_ref idref="fl-c8"/>
      </object_component>
      <object_component id="oc-76">
         <name>.debug_info</name>
         <load_address>0x267f</load_address>
         <run_address>0x267f</run_address>
         <size>0x109</size>
         <input_file_ref idref="fl-c9"/>
      </object_component>
      <object_component id="oc-109">
         <name>.debug_info</name>
         <load_address>0x2788</load_address>
         <run_address>0x2788</run_address>
         <size>0x126</size>
         <input_file_ref idref="fl-ca"/>
      </object_component>
      <object_component id="oc-132">
         <name>.debug_info</name>
         <load_address>0x28ae</load_address>
         <run_address>0x28ae</run_address>
         <size>0x124</size>
         <input_file_ref idref="fl-cb"/>
      </object_component>
      <object_component id="oc-b3">
         <name>.debug_info</name>
         <load_address>0x29d2</load_address>
         <run_address>0x29d2</run_address>
         <size>0x113</size>
         <input_file_ref idref="fl-cb"/>
      </object_component>
      <object_component id="oc-12c">
         <name>.debug_info</name>
         <load_address>0x2ae5</load_address>
         <run_address>0x2ae5</run_address>
         <size>0x21f</size>
         <input_file_ref idref="fl-cb"/>
      </object_component>
      <object_component id="oc-ae">
         <name>.debug_info</name>
         <load_address>0x2d04</load_address>
         <run_address>0x2d04</run_address>
         <size>0x166</size>
         <input_file_ref idref="fl-cc"/>
      </object_component>
      <object_component id="oc-6c">
         <name>.debug_info</name>
         <load_address>0x2e6a</load_address>
         <run_address>0x2e6a</run_address>
         <size>0x167</size>
         <input_file_ref idref="fl-cc"/>
      </object_component>
      <object_component id="oc-123">
         <name>.debug_info</name>
         <load_address>0x2fd1</load_address>
         <run_address>0x2fd1</run_address>
         <size>0x5e</size>
         <input_file_ref idref="fl-cc"/>
      </object_component>
      <object_component id="oc-a6">
         <name>.debug_info</name>
         <load_address>0x302f</load_address>
         <run_address>0x302f</run_address>
         <size>0x2e9</size>
         <input_file_ref idref="fl-cd"/>
      </object_component>
      <object_component id="oc-64">
         <name>.debug_info</name>
         <load_address>0x3318</load_address>
         <run_address>0x3318</run_address>
         <size>0x190</size>
         <input_file_ref idref="fl-cd"/>
      </object_component>
      <object_component id="oc-c1">
         <name>.debug_info</name>
         <load_address>0x34a8</load_address>
         <run_address>0x34a8</run_address>
         <size>0x39</size>
         <input_file_ref idref="fl-cd"/>
      </object_component>
      <object_component id="oc-13d">
         <name>.debug_info</name>
         <load_address>0x34e1</load_address>
         <run_address>0x34e1</run_address>
         <size>0x39</size>
         <input_file_ref idref="fl-cd"/>
      </object_component>
      <object_component id="oc-c6">
         <name>.debug_info</name>
         <load_address>0x351a</load_address>
         <run_address>0x351a</run_address>
         <size>0xcd</size>
         <input_file_ref idref="fl-cd"/>
      </object_component>
      <object_component id="oc-bd">
         <name>.debug_info</name>
         <load_address>0x35e7</load_address>
         <run_address>0x35e7</run_address>
         <size>0x1e0</size>
         <input_file_ref idref="fl-ce"/>
      </object_component>
      <object_component id="oc-9d">
         <name>.debug_info</name>
         <load_address>0x37c7</load_address>
         <run_address>0x37c7</run_address>
         <size>0x183</size>
         <input_file_ref idref="fl-ce"/>
      </object_component>
      <object_component id="oc-138">
         <name>.debug_info</name>
         <load_address>0x394a</load_address>
         <run_address>0x394a</run_address>
         <size>0x2c</size>
         <input_file_ref idref="fl-ce"/>
      </object_component>
      <object_component id="oc-a1">
         <name>.debug_info</name>
         <load_address>0x3976</load_address>
         <run_address>0x3976</run_address>
         <size>0x145</size>
         <input_file_ref idref="fl-cf"/>
      </object_component>
      <object_component id="oc-156">
         <name>.debug_info</name>
         <load_address>0x3abb</load_address>
         <run_address>0x3abb</run_address>
         <size>0x24d</size>
         <input_file_ref idref="fl-d0"/>
      </object_component>
      <object_component id="oc-ea">
         <name>.debug_info</name>
         <load_address>0x3d08</load_address>
         <run_address>0x3d08</run_address>
         <size>0x333</size>
         <input_file_ref idref="fl-d0"/>
      </object_component>
      <object_component id="oc-f0">
         <name>.debug_info</name>
         <load_address>0x403b</load_address>
         <run_address>0x403b</run_address>
         <size>0x2a0</size>
         <input_file_ref idref="fl-d0"/>
      </object_component>
      <object_component id="oc-102">
         <name>.debug_info</name>
         <load_address>0x42db</load_address>
         <run_address>0x42db</run_address>
         <size>0x2ff</size>
         <input_file_ref idref="fl-d0"/>
      </object_component>
      <object_component id="oc-e4">
         <name>.debug_info</name>
         <load_address>0x45da</load_address>
         <run_address>0x45da</run_address>
         <size>0x326</size>
         <input_file_ref idref="fl-d0"/>
      </object_component>
      <object_component id="oc-fc">
         <name>.debug_info</name>
         <load_address>0x4900</load_address>
         <run_address>0x4900</run_address>
         <size>0x2a4</size>
         <input_file_ref idref="fl-d0"/>
      </object_component>
      <object_component id="oc-f6">
         <name>.debug_info</name>
         <load_address>0x4ba4</load_address>
         <run_address>0x4ba4</run_address>
         <size>0x294</size>
         <input_file_ref idref="fl-d0"/>
      </object_component>
      <object_component id="oc-16d">
         <name>.debug_info</name>
         <load_address>0x4e38</load_address>
         <run_address>0x4e38</run_address>
         <size>0x8b</size>
         <input_file_ref idref="fl-d0"/>
      </object_component>
      <object_component id="oc-153">
         <name>.debug_info</name>
         <load_address>0x4ec3</load_address>
         <run_address>0x4ec3</run_address>
         <size>0x240</size>
         <input_file_ref idref="fl-d1"/>
      </object_component>
      <object_component id="oc-117">
         <name>.debug_info</name>
         <load_address>0x5103</load_address>
         <run_address>0x5103</run_address>
         <size>0x2a3</size>
         <input_file_ref idref="fl-d1"/>
      </object_component>
      <object_component id="oc-14d">
         <name>.debug_info</name>
         <load_address>0x53a6</load_address>
         <run_address>0x53a6</run_address>
         <size>0x2b3</size>
         <input_file_ref idref="fl-d1"/>
      </object_component>
      <object_component id="oc-147">
         <name>.debug_info</name>
         <load_address>0x5659</load_address>
         <run_address>0x5659</run_address>
         <size>0x316</size>
         <input_file_ref idref="fl-d1"/>
      </object_component>
      <object_component id="oc-d8">
         <name>.debug_info</name>
         <load_address>0x596f</load_address>
         <run_address>0x596f</run_address>
         <size>0x2b7</size>
         <input_file_ref idref="fl-d1"/>
      </object_component>
      <object_component id="oc-de">
         <name>.debug_info</name>
         <load_address>0x5c26</load_address>
         <run_address>0x5c26</run_address>
         <size>0x279</size>
         <input_file_ref idref="fl-d1"/>
      </object_component>
      <object_component id="oc-144">
         <name>.debug_info</name>
         <load_address>0x5e9f</load_address>
         <run_address>0x5e9f</run_address>
         <size>0x298</size>
         <input_file_ref idref="fl-d3"/>
      </object_component>
      <object_component id="oc-d3">
         <name>.debug_info</name>
         <load_address>0x6137</load_address>
         <run_address>0x6137</run_address>
         <size>0x27d</size>
         <input_file_ref idref="fl-d3"/>
      </object_component>
      <object_component id="oc-cd">
         <name>.debug_info</name>
         <load_address>0x63b4</load_address>
         <run_address>0x63b4</run_address>
         <size>0x2db</size>
         <input_file_ref idref="fl-d3"/>
      </object_component>
      <object_component id="oc-168">
         <name>.debug_info</name>
         <load_address>0x668f</load_address>
         <run_address>0x668f</run_address>
         <size>0x5f</size>
         <input_file_ref idref="fl-d3"/>
      </object_component>
      <object_component id="oc-19c">
         <name>.debug_info</name>
         <load_address>0x66ee</load_address>
         <run_address>0x66ee</run_address>
         <size>0xa5</size>
      </object_component>
      <object_component id="oc-162">
         <name>.debug_line</name>
         <load_address>0x0</load_address>
         <run_address>0x0</run_address>
         <size>0xd0</size>
         <input_file_ref idref="fl-2"/>
      </object_component>
      <object_component id="oc-ab">
         <name>.debug_line</name>
         <load_address>0xd0</load_address>
         <run_address>0xd0</run_address>
         <size>0x8a</size>
         <input_file_ref idref="fl-2"/>
      </object_component>
      <object_component id="oc-3d">
         <name>.debug_line</name>
         <load_address>0x15a</load_address>
         <run_address>0x15a</run_address>
         <size>0x20</size>
         <input_file_ref idref="fl-2"/>
      </object_component>
      <object_component id="oc-7f">
         <name>.debug_line</name>
         <load_address>0x17a</load_address>
         <run_address>0x17a</run_address>
         <size>0x65</size>
         <input_file_ref idref="fl-2"/>
      </object_component>
      <object_component id="oc-7b">
         <name>.debug_line</name>
         <load_address>0x1df</load_address>
         <run_address>0x1df</run_address>
         <size>0x41</size>
         <input_file_ref idref="fl-3"/>
      </object_component>
      <object_component id="oc-32">
         <name>.debug_line</name>
         <load_address>0x220</load_address>
         <run_address>0x220</run_address>
         <size>0x41</size>
         <input_file_ref idref="fl-3"/>
      </object_component>
      <object_component id="oc-2f">
         <name>.debug_line</name>
         <load_address>0x261</load_address>
         <run_address>0x261</run_address>
         <size>0xa1</size>
         <input_file_ref idref="fl-3"/>
      </object_component>
      <object_component id="oc-25">
         <name>.debug_line</name>
         <load_address>0x302</load_address>
         <run_address>0x302</run_address>
         <size>0x53</size>
         <input_file_ref idref="fl-be"/>
      </object_component>
      <object_component id="oc-bb">
         <name>.debug_line</name>
         <load_address>0x355</load_address>
         <run_address>0x355</run_address>
         <size>0x20</size>
         <input_file_ref idref="fl-bf"/>
      </object_component>
      <object_component id="oc-15">
         <name>.debug_line</name>
         <load_address>0x375</load_address>
         <run_address>0x375</run_address>
         <size>0xa9</size>
         <input_file_ref idref="fl-bf"/>
      </object_component>
      <object_component id="oc-38">
         <name>.debug_line</name>
         <load_address>0x41e</load_address>
         <run_address>0x41e</run_address>
         <size>0x3a</size>
         <input_file_ref idref="fl-bf"/>
      </object_component>
      <object_component id="oc-84">
         <name>.debug_line</name>
         <load_address>0x458</load_address>
         <run_address>0x458</run_address>
         <size>0x8a</size>
         <input_file_ref idref="fl-bf"/>
      </object_component>
      <object_component id="oc-8e">
         <name>.debug_line</name>
         <load_address>0x4e2</load_address>
         <run_address>0x4e2</run_address>
         <size>0x8a</size>
         <input_file_ref idref="fl-c0"/>
      </object_component>
      <object_component id="oc-1c">
         <name>.debug_line</name>
         <load_address>0x56c</load_address>
         <run_address>0x56c</run_address>
         <size>0x55</size>
         <input_file_ref idref="fl-c0"/>
      </object_component>
      <object_component id="oc-48">
         <name>.debug_line</name>
         <load_address>0x5c1</load_address>
         <run_address>0x5c1</run_address>
         <size>0x3a</size>
         <input_file_ref idref="fl-c0"/>
      </object_component>
      <object_component id="oc-8b">
         <name>.debug_line</name>
         <load_address>0x5fb</load_address>
         <run_address>0x5fb</run_address>
         <size>0x8a</size>
         <input_file_ref idref="fl-c0"/>
      </object_component>
      <object_component id="oc-96">
         <name>.debug_line</name>
         <load_address>0x685</load_address>
         <run_address>0x685</run_address>
         <size>0x8a</size>
         <input_file_ref idref="fl-c1"/>
      </object_component>
      <object_component id="oc-1f">
         <name>.debug_line</name>
         <load_address>0x70f</load_address>
         <run_address>0x70f</run_address>
         <size>0x4f</size>
         <input_file_ref idref="fl-c1"/>
      </object_component>
      <object_component id="oc-54">
         <name>.debug_line</name>
         <load_address>0x75e</load_address>
         <run_address>0x75e</run_address>
         <size>0x34</size>
         <input_file_ref idref="fl-c1"/>
      </object_component>
      <object_component id="oc-93">
         <name>.debug_line</name>
         <load_address>0x792</load_address>
         <run_address>0x792</run_address>
         <size>0x8a</size>
         <input_file_ref idref="fl-c1"/>
      </object_component>
      <object_component id="oc-135">
         <name>.debug_line</name>
         <load_address>0x81c</load_address>
         <run_address>0x81c</run_address>
         <size>0xf2</size>
         <input_file_ref idref="fl-c2"/>
      </object_component>
      <object_component id="oc-129">
         <name>.debug_line</name>
         <load_address>0x90e</load_address>
         <run_address>0x90e</run_address>
         <size>0x2a</size>
         <input_file_ref idref="fl-c2"/>
      </object_component>
      <object_component id="oc-74">
         <name>.debug_line</name>
         <load_address>0x938</load_address>
         <run_address>0x938</run_address>
         <size>0x86</size>
         <input_file_ref idref="fl-c2"/>
      </object_component>
      <object_component id="oc-110">
         <name>.debug_line</name>
         <load_address>0x9be</load_address>
         <run_address>0x9be</run_address>
         <size>0xa8</size>
         <input_file_ref idref="fl-c3"/>
      </object_component>
      <object_component id="oc-112">
         <name>.debug_line</name>
         <load_address>0xa66</load_address>
         <run_address>0xa66</run_address>
         <size>0x59</size>
         <input_file_ref idref="fl-c4"/>
      </object_component>
      <object_component id="oc-40">
         <name>.debug_line</name>
         <load_address>0xabf</load_address>
         <run_address>0xabf</run_address>
         <size>0x88</size>
         <input_file_ref idref="fl-c5"/>
      </object_component>
      <object_component id="oc-4d">
         <name>.debug_line</name>
         <load_address>0xb47</load_address>
         <run_address>0xb47</run_address>
         <size>0x79</size>
         <input_file_ref idref="fl-c6"/>
      </object_component>
      <object_component id="oc-5b">
         <name>.debug_line</name>
         <load_address>0xbc0</load_address>
         <run_address>0xbc0</run_address>
         <size>0x3d</size>
         <input_file_ref idref="fl-c7"/>
      </object_component>
      <object_component id="oc-5f">
         <name>.debug_line</name>
         <load_address>0xbfd</load_address>
         <run_address>0xbfd</run_address>
         <size>0x40</size>
         <input_file_ref idref="fl-c8"/>
      </object_component>
      <object_component id="oc-b9">
         <name>.debug_line</name>
         <load_address>0xc3d</load_address>
         <run_address>0xc3d</run_address>
         <size>0x33</size>
         <input_file_ref idref="fl-c9"/>
      </object_component>
      <object_component id="oc-108">
         <name>.debug_line</name>
         <load_address>0xc70</load_address>
         <run_address>0xc70</run_address>
         <size>0x4c</size>
         <input_file_ref idref="fl-ca"/>
      </object_component>
      <object_component id="oc-165">
         <name>.debug_line</name>
         <load_address>0xcbc</load_address>
         <run_address>0xcbc</run_address>
         <size>0x20</size>
         <input_file_ref idref="fl-cb"/>
      </object_component>
      <object_component id="oc-131">
         <name>.debug_line</name>
         <load_address>0xcdc</load_address>
         <run_address>0xcdc</run_address>
         <size>0x2b</size>
         <input_file_ref idref="fl-cb"/>
      </object_component>
      <object_component id="oc-12e">
         <name>.debug_line</name>
         <load_address>0xd07</load_address>
         <run_address>0xd07</run_address>
         <size>0x68</size>
         <input_file_ref idref="fl-cb"/>
      </object_component>
      <object_component id="oc-122">
         <name>.debug_line</name>
         <load_address>0xd6f</load_address>
         <run_address>0xd6f</run_address>
         <size>0x2b</size>
         <input_file_ref idref="fl-cc"/>
      </object_component>
      <object_component id="oc-6e">
         <name>.debug_line</name>
         <load_address>0xd9a</load_address>
         <run_address>0xd9a</run_address>
         <size>0x4a</size>
         <input_file_ref idref="fl-cc"/>
      </object_component>
      <object_component id="oc-126">
         <name>.debug_line</name>
         <load_address>0xde4</load_address>
         <run_address>0xde4</run_address>
         <size>0x2b</size>
         <input_file_ref idref="fl-cc"/>
      </object_component>
      <object_component id="oc-c0">
         <name>.debug_line</name>
         <load_address>0xe0f</load_address>
         <run_address>0xe0f</run_address>
         <size>0xa9</size>
         <input_file_ref idref="fl-cd"/>
      </object_component>
      <object_component id="oc-67">
         <name>.debug_line</name>
         <load_address>0xeb8</load_address>
         <run_address>0xeb8</run_address>
         <size>0x8b</size>
         <input_file_ref idref="fl-cd"/>
      </object_component>
      <object_component id="oc-c4">
         <name>.debug_line</name>
         <load_address>0xf43</load_address>
         <run_address>0xf43</run_address>
         <size>0x2e</size>
         <input_file_ref idref="fl-cd"/>
      </object_component>
      <object_component id="oc-140">
         <name>.debug_line</name>
         <load_address>0xf71</load_address>
         <run_address>0xf71</run_address>
         <size>0x8a</size>
         <input_file_ref idref="fl-cd"/>
      </object_component>
      <object_component id="oc-c9">
         <name>.debug_line</name>
         <load_address>0xffb</load_address>
         <run_address>0xffb</run_address>
         <size>0x8b</size>
         <input_file_ref idref="fl-cd"/>
      </object_component>
      <object_component id="oc-137">
         <name>.debug_line</name>
         <load_address>0x1086</load_address>
         <run_address>0x1086</run_address>
         <size>0x98</size>
         <input_file_ref idref="fl-ce"/>
      </object_component>
      <object_component id="oc-9c">
         <name>.debug_line</name>
         <load_address>0x111e</load_address>
         <run_address>0x111e</run_address>
         <size>0x68</size>
         <input_file_ref idref="fl-ce"/>
      </object_component>
      <object_component id="oc-13b">
         <name>.debug_line</name>
         <load_address>0x1186</load_address>
         <run_address>0x1186</run_address>
         <size>0x2e</size>
         <input_file_ref idref="fl-ce"/>
      </object_component>
      <object_component id="oc-a4">
         <name>.debug_line</name>
         <load_address>0x11b4</load_address>
         <run_address>0x11b4</run_address>
         <size>0x3c</size>
         <input_file_ref idref="fl-cf"/>
      </object_component>
      <object_component id="oc-177">
         <name>.debug_line</name>
         <load_address>0x11f0</load_address>
         <run_address>0x11f0</run_address>
         <size>0xde</size>
         <input_file_ref idref="fl-d0"/>
      </object_component>
      <object_component id="oc-ed">
         <name>.debug_line</name>
         <load_address>0x12ce</load_address>
         <run_address>0x12ce</run_address>
         <size>0xa7</size>
         <input_file_ref idref="fl-d0"/>
      </object_component>
      <object_component id="oc-f3">
         <name>.debug_line</name>
         <load_address>0x1375</load_address>
         <run_address>0x1375</run_address>
         <size>0x91</size>
         <input_file_ref idref="fl-d0"/>
      </object_component>
      <object_component id="oc-105">
         <name>.debug_line</name>
         <load_address>0x1406</load_address>
         <run_address>0x1406</run_address>
         <size>0x9c</size>
         <input_file_ref idref="fl-d0"/>
      </object_component>
      <object_component id="oc-e7">
         <name>.debug_line</name>
         <load_address>0x14a2</load_address>
         <run_address>0x14a2</run_address>
         <size>0xa4</size>
         <input_file_ref idref="fl-d0"/>
      </object_component>
      <object_component id="oc-ff">
         <name>.debug_line</name>
         <load_address>0x1546</load_address>
         <run_address>0x1546</run_address>
         <size>0x91</size>
         <input_file_ref idref="fl-d0"/>
      </object_component>
      <object_component id="oc-f9">
         <name>.debug_line</name>
         <load_address>0x15d7</load_address>
         <run_address>0x15d7</run_address>
         <size>0x91</size>
         <input_file_ref idref="fl-d0"/>
      </object_component>
      <object_component id="oc-170">
         <name>.debug_line</name>
         <load_address>0x1668</load_address>
         <run_address>0x1668</run_address>
         <size>0x20</size>
         <input_file_ref idref="fl-d0"/>
      </object_component>
      <object_component id="oc-175">
         <name>.debug_line</name>
         <load_address>0x1688</load_address>
         <run_address>0x1688</run_address>
         <size>0x82</size>
         <input_file_ref idref="fl-d1"/>
      </object_component>
      <object_component id="oc-11a">
         <name>.debug_line</name>
         <load_address>0x170a</load_address>
         <run_address>0x170a</run_address>
         <size>0x92</size>
         <input_file_ref idref="fl-d1"/>
      </object_component>
      <object_component id="oc-150">
         <name>.debug_line</name>
         <load_address>0x179c</load_address>
         <run_address>0x179c</run_address>
         <size>0x95</size>
         <input_file_ref idref="fl-d1"/>
      </object_component>
      <object_component id="oc-14a">
         <name>.debug_line</name>
         <load_address>0x1831</load_address>
         <run_address>0x1831</run_address>
         <size>0xd1</size>
         <input_file_ref idref="fl-d1"/>
      </object_component>
      <object_component id="oc-db">
         <name>.debug_line</name>
         <load_address>0x1902</load_address>
         <run_address>0x1902</run_address>
         <size>0x99</size>
         <input_file_ref idref="fl-d1"/>
      </object_component>
      <object_component id="oc-e1">
         <name>.debug_line</name>
         <load_address>0x199b</load_address>
         <run_address>0x199b</run_address>
         <size>0x93</size>
         <input_file_ref idref="fl-d1"/>
      </object_component>
      <object_component id="oc-167">
         <name>.debug_line</name>
         <load_address>0x1a2e</load_address>
         <run_address>0x1a2e</run_address>
         <size>0x13d</size>
         <input_file_ref idref="fl-d3"/>
      </object_component>
      <object_component id="oc-d6">
         <name>.debug_line</name>
         <load_address>0x1b6b</load_address>
         <run_address>0x1b6b</run_address>
         <size>0x94</size>
         <input_file_ref idref="fl-d3"/>
      </object_component>
      <object_component id="oc-d0">
         <name>.debug_line</name>
         <load_address>0x1bff</load_address>
         <run_address>0x1bff</run_address>
         <size>0xee</size>
         <input_file_ref idref="fl-d3"/>
      </object_component>
      <object_component id="oc-16b">
         <name>.debug_line</name>
         <load_address>0x1ced</load_address>
         <run_address>0x1ced</run_address>
         <size>0x7f</size>
         <input_file_ref idref="fl-d3"/>
      </object_component>
      <object_component id="oc-ac">
         <name>.debug_frame</name>
         <load_address>0x0</load_address>
         <run_address>0x0</run_address>
         <size>0x59</size>
         <input_file_ref idref="fl-2"/>
      </object_component>
      <object_component id="oc-30">
         <name>.debug_frame</name>
         <load_address>0x59</load_address>
         <run_address>0x59</run_address>
         <size>0x84</size>
         <input_file_ref idref="fl-3"/>
      </object_component>
      <object_component id="oc-14">
         <name>.debug_frame</name>
         <load_address>0xdd</load_address>
         <run_address>0xdd</run_address>
         <size>0x60</size>
         <input_file_ref idref="fl-bf"/>
      </object_component>
      <object_component id="oc-1d">
         <name>.debug_frame</name>
         <load_address>0x13d</load_address>
         <run_address>0x13d</run_address>
         <size>0x51</size>
         <input_file_ref idref="fl-c0"/>
      </object_component>
      <object_component id="oc-20">
         <name>.debug_frame</name>
         <load_address>0x18e</load_address>
         <run_address>0x18e</run_address>
         <size>0x51</size>
         <input_file_ref idref="fl-c1"/>
      </object_component>
      <object_component id="oc-70">
         <name>.debug_frame</name>
         <load_address>0x1df</load_address>
         <run_address>0x1df</run_address>
         <size>0x85</size>
         <input_file_ref idref="fl-c2"/>
      </object_component>
      <object_component id="oc-5c">
         <name>.debug_frame</name>
         <load_address>0x264</load_address>
         <run_address>0x264</run_address>
         <size>0x51</size>
         <input_file_ref idref="fl-c7"/>
      </object_component>
      <object_component id="oc-60">
         <name>.debug_frame</name>
         <load_address>0x2b5</load_address>
         <run_address>0x2b5</run_address>
         <size>0x51</size>
         <input_file_ref idref="fl-c8"/>
      </object_component>
      <object_component id="oc-12f">
         <name>.debug_frame</name>
         <load_address>0x306</load_address>
         <run_address>0x306</run_address>
         <size>0x73</size>
         <input_file_ref idref="fl-cb"/>
      </object_component>
      <object_component id="oc-6a">
         <name>.debug_frame</name>
         <load_address>0x379</load_address>
         <run_address>0x379</run_address>
         <size>0x51</size>
         <input_file_ref idref="fl-cc"/>
      </object_component>
      <object_component id="oc-68">
         <name>.debug_frame</name>
         <load_address>0x3ca</load_address>
         <run_address>0x3ca</run_address>
         <size>0x5c</size>
         <input_file_ref idref="fl-cd"/>
      </object_component>
      <object_component id="oc-9b">
         <name>.debug_frame</name>
         <load_address>0x426</load_address>
         <run_address>0x426</run_address>
         <size>0x60</size>
         <input_file_ref idref="fl-ce"/>
      </object_component>
      <object_component id="oc-a3">
         <name>.debug_frame</name>
         <load_address>0x486</load_address>
         <run_address>0x486</run_address>
         <size>0x51</size>
         <input_file_ref idref="fl-cf"/>
      </object_component>
      <object_component id="oc-ee">
         <name>.debug_frame</name>
         <load_address>0x4d7</load_address>
         <run_address>0x4d7</run_address>
         <size>0x8a</size>
         <input_file_ref idref="fl-d0"/>
      </object_component>
      <object_component id="oc-f4">
         <name>.debug_frame</name>
         <load_address>0x561</load_address>
         <run_address>0x561</run_address>
         <size>0x7f</size>
         <input_file_ref idref="fl-d0"/>
      </object_component>
      <object_component id="oc-106">
         <name>.debug_frame</name>
         <load_address>0x5e0</load_address>
         <run_address>0x5e0</run_address>
         <size>0x7f</size>
         <input_file_ref idref="fl-d0"/>
      </object_component>
      <object_component id="oc-e8">
         <name>.debug_frame</name>
         <load_address>0x65f</load_address>
         <run_address>0x65f</run_address>
         <size>0x8e</size>
         <input_file_ref idref="fl-d0"/>
      </object_component>
      <object_component id="oc-100">
         <name>.debug_frame</name>
         <load_address>0x6ed</load_address>
         <run_address>0x6ed</run_address>
         <size>0x86</size>
         <input_file_ref idref="fl-d0"/>
      </object_component>
      <object_component id="oc-fa">
         <name>.debug_frame</name>
         <load_address>0x773</load_address>
         <run_address>0x773</run_address>
         <size>0x7f</size>
         <input_file_ref idref="fl-d0"/>
      </object_component>
      <object_component id="oc-11b">
         <name>.debug_frame</name>
         <load_address>0x7f2</load_address>
         <run_address>0x7f2</run_address>
         <size>0x7f</size>
         <input_file_ref idref="fl-d1"/>
      </object_component>
      <object_component id="oc-151">
         <name>.debug_frame</name>
         <load_address>0x871</load_address>
         <run_address>0x871</run_address>
         <size>0x7f</size>
         <input_file_ref idref="fl-d1"/>
      </object_component>
      <object_component id="oc-14b">
         <name>.debug_frame</name>
         <load_address>0x8f0</load_address>
         <run_address>0x8f0</run_address>
         <size>0x8f</size>
         <input_file_ref idref="fl-d1"/>
      </object_component>
      <object_component id="oc-dc">
         <name>.debug_frame</name>
         <load_address>0x97f</load_address>
         <run_address>0x97f</run_address>
         <size>0x8a</size>
         <input_file_ref idref="fl-d1"/>
      </object_component>
      <object_component id="oc-e2">
         <name>.debug_frame</name>
         <load_address>0xa09</load_address>
         <run_address>0xa09</run_address>
         <size>0x86</size>
         <input_file_ref idref="fl-d1"/>
      </object_component>
      <object_component id="oc-d2">
         <name>.debug_frame</name>
         <load_address>0xa8f</load_address>
         <run_address>0xa8f</run_address>
         <size>0x7f</size>
         <input_file_ref idref="fl-d3"/>
      </object_component>
      <object_component id="oc-cc">
         <name>.debug_frame</name>
         <load_address>0xb0e</load_address>
         <run_address>0xb0e</run_address>
         <size>0x93</size>
         <input_file_ref idref="fl-d3"/>
      </object_component>
      <object_component id="oc-161">
         <name>.debug_abbrev</name>
         <load_address>0x0</load_address>
         <run_address>0x0</run_address>
         <size>0xae</size>
         <input_file_ref idref="fl-2"/>
      </object_component>
      <object_component id="oc-120">
         <name>.debug_abbrev</name>
         <load_address>0xae</load_address>
         <run_address>0xae</run_address>
         <size>0x54</size>
         <input_file_ref idref="fl-2"/>
      </object_component>
      <object_component id="oc-3c">
         <name>.debug_abbrev</name>
         <load_address>0x102</load_address>
         <run_address>0x102</run_address>
         <size>0x1f</size>
         <input_file_ref idref="fl-2"/>
      </object_component>
      <object_component id="oc-7e">
         <name>.debug_abbrev</name>
         <load_address>0x121</load_address>
         <run_address>0x121</run_address>
         <size>0x35</size>
         <input_file_ref idref="fl-2"/>
      </object_component>
      <object_component id="oc-7a">
         <name>.debug_abbrev</name>
         <load_address>0x156</load_address>
         <run_address>0x156</run_address>
         <size>0x54</size>
         <input_file_ref idref="fl-3"/>
      </object_component>
      <object_component id="oc-31">
         <name>.debug_abbrev</name>
         <load_address>0x1aa</load_address>
         <run_address>0x1aa</run_address>
         <size>0x29</size>
         <input_file_ref idref="fl-3"/>
      </object_component>
      <object_component id="oc-79">
         <name>.debug_abbrev</name>
         <load_address>0x1d3</load_address>
         <run_address>0x1d3</run_address>
         <size>0x79</size>
         <input_file_ref idref="fl-3"/>
      </object_component>
      <object_component id="oc-78">
         <name>.debug_abbrev</name>
         <load_address>0x24c</load_address>
         <run_address>0x24c</run_address>
         <size>0x3e</size>
         <input_file_ref idref="fl-be"/>
      </object_component>
      <object_component id="oc-ba">
         <name>.debug_abbrev</name>
         <load_address>0x28a</load_address>
         <run_address>0x28a</run_address>
         <size>0x2c</size>
         <input_file_ref idref="fl-bf"/>
      </object_component>
      <object_component id="oc-34">
         <name>.debug_abbrev</name>
         <load_address>0x2b6</load_address>
         <run_address>0x2b6</run_address>
         <size>0x6f</size>
         <input_file_ref idref="fl-bf"/>
      </object_component>
      <object_component id="oc-37">
         <name>.debug_abbrev</name>
         <load_address>0x325</load_address>
         <run_address>0x325</run_address>
         <size>0x24</size>
         <input_file_ref idref="fl-bf"/>
      </object_component>
      <object_component id="oc-83">
         <name>.debug_abbrev</name>
         <load_address>0x349</load_address>
         <run_address>0x349</run_address>
         <size>0x35</size>
         <input_file_ref idref="fl-bf"/>
      </object_component>
      <object_component id="oc-8d">
         <name>.debug_abbrev</name>
         <load_address>0x37e</load_address>
         <run_address>0x37e</run_address>
         <size>0x52</size>
         <input_file_ref idref="fl-c0"/>
      </object_component>
      <object_component id="oc-44">
         <name>.debug_abbrev</name>
         <load_address>0x3d0</load_address>
         <run_address>0x3d0</run_address>
         <size>0x74</size>
         <input_file_ref idref="fl-c0"/>
      </object_component>
      <object_component id="oc-47">
         <name>.debug_abbrev</name>
         <load_address>0x444</load_address>
         <run_address>0x444</run_address>
         <size>0x24</size>
         <input_file_ref idref="fl-c0"/>
      </object_component>
      <object_component id="oc-8a">
         <name>.debug_abbrev</name>
         <load_address>0x468</load_address>
         <run_address>0x468</run_address>
         <size>0x24</size>
         <input_file_ref idref="fl-c0"/>
      </object_component>
      <object_component id="oc-95">
         <name>.debug_abbrev</name>
         <load_address>0x48c</load_address>
         <run_address>0x48c</run_address>
         <size>0x52</size>
         <input_file_ref idref="fl-c1"/>
      </object_component>
      <object_component id="oc-50">
         <name>.debug_abbrev</name>
         <load_address>0x4de</load_address>
         <run_address>0x4de</run_address>
         <size>0x74</size>
         <input_file_ref idref="fl-c1"/>
      </object_component>
      <object_component id="oc-53">
         <name>.debug_abbrev</name>
         <load_address>0x552</load_address>
         <run_address>0x552</run_address>
         <size>0x24</size>
         <input_file_ref idref="fl-c1"/>
      </object_component>
      <object_component id="oc-92">
         <name>.debug_abbrev</name>
         <load_address>0x576</load_address>
         <run_address>0x576</run_address>
         <size>0x24</size>
         <input_file_ref idref="fl-c1"/>
      </object_component>
      <object_component id="oc-134">
         <name>.debug_abbrev</name>
         <load_address>0x59a</load_address>
         <run_address>0x59a</run_address>
         <size>0xa8</size>
         <input_file_ref idref="fl-c2"/>
      </object_component>
      <object_component id="oc-128">
         <name>.debug_abbrev</name>
         <load_address>0x642</load_address>
         <run_address>0x642</run_address>
         <size>0x29</size>
         <input_file_ref idref="fl-c2"/>
      </object_component>
      <object_component id="oc-b5">
         <name>.debug_abbrev</name>
         <load_address>0x66b</load_address>
         <run_address>0x66b</run_address>
         <size>0xba</size>
         <input_file_ref idref="fl-c2"/>
      </object_component>
      <object_component id="oc-15e">
         <name>.debug_abbrev</name>
         <load_address>0x725</load_address>
         <run_address>0x725</run_address>
         <size>0x3c</size>
         <input_file_ref idref="fl-c3"/>
      </object_component>
      <object_component id="oc-15f">
         <name>.debug_abbrev</name>
         <load_address>0x761</load_address>
         <run_address>0x761</run_address>
         <size>0x4a</size>
         <input_file_ref idref="fl-c4"/>
      </object_component>
      <object_component id="oc-87">
         <name>.debug_abbrev</name>
         <load_address>0x7ab</load_address>
         <run_address>0x7ab</run_address>
         <size>0x3e</size>
         <input_file_ref idref="fl-c5"/>
      </object_component>
      <object_component id="oc-8f">
         <name>.debug_abbrev</name>
         <load_address>0x7e9</load_address>
         <run_address>0x7e9</run_address>
         <size>0x4f</size>
         <input_file_ref idref="fl-c6"/>
      </object_component>
      <object_component id="oc-97">
         <name>.debug_abbrev</name>
         <load_address>0x838</load_address>
         <run_address>0x838</run_address>
         <size>0x53</size>
         <input_file_ref idref="fl-c7"/>
      </object_component>
      <object_component id="oc-98">
         <name>.debug_abbrev</name>
         <load_address>0x88b</load_address>
         <run_address>0x88b</run_address>
         <size>0x55</size>
         <input_file_ref idref="fl-c8"/>
      </object_component>
      <object_component id="oc-b8">
         <name>.debug_abbrev</name>
         <load_address>0x8e0</load_address>
         <run_address>0x8e0</run_address>
         <size>0x27</size>
         <input_file_ref idref="fl-c9"/>
      </object_component>
      <object_component id="oc-15d">
         <name>.debug_abbrev</name>
         <load_address>0x907</load_address>
         <run_address>0x907</run_address>
         <size>0x3e</size>
         <input_file_ref idref="fl-ca"/>
      </object_component>
      <object_component id="oc-164">
         <name>.debug_abbrev</name>
         <load_address>0x945</load_address>
         <run_address>0x945</run_address>
         <size>0x45</size>
         <input_file_ref idref="fl-cb"/>
      </object_component>
      <object_component id="oc-130">
         <name>.debug_abbrev</name>
         <load_address>0x98a</load_address>
         <run_address>0x98a</run_address>
         <size>0x29</size>
         <input_file_ref idref="fl-cb"/>
      </object_component>
      <object_component id="oc-163">
         <name>.debug_abbrev</name>
         <load_address>0x9b3</load_address>
         <run_address>0x9b3</run_address>
         <size>0x6f</size>
         <input_file_ref idref="fl-cb"/>
      </object_component>
      <object_component id="oc-121">
         <name>.debug_abbrev</name>
         <load_address>0xa22</load_address>
         <run_address>0xa22</run_address>
         <size>0x8e</size>
         <input_file_ref idref="fl-cc"/>
      </object_component>
      <object_component id="oc-ad">
         <name>.debug_abbrev</name>
         <load_address>0xab0</load_address>
         <run_address>0xab0</run_address>
         <size>0x68</size>
         <input_file_ref idref="fl-cc"/>
      </object_component>
      <object_component id="oc-125">
         <name>.debug_abbrev</name>
         <load_address>0xb18</load_address>
         <run_address>0xb18</run_address>
         <size>0x49</size>
         <input_file_ref idref="fl-cc"/>
      </object_component>
      <object_component id="oc-bf">
         <name>.debug_abbrev</name>
         <load_address>0xb61</load_address>
         <run_address>0xb61</run_address>
         <size>0xae</size>
         <input_file_ref idref="fl-cd"/>
      </object_component>
      <object_component id="oc-a5">
         <name>.debug_abbrev</name>
         <load_address>0xc0f</load_address>
         <run_address>0xc0f</run_address>
         <size>0x7e</size>
         <input_file_ref idref="fl-cd"/>
      </object_component>
      <object_component id="oc-c3">
         <name>.debug_abbrev</name>
         <load_address>0xc8d</load_address>
         <run_address>0xc8d</run_address>
         <size>0x24</size>
         <input_file_ref idref="fl-cd"/>
      </object_component>
      <object_component id="oc-13f">
         <name>.debug_abbrev</name>
         <load_address>0xcb1</load_address>
         <run_address>0xcb1</run_address>
         <size>0x24</size>
         <input_file_ref idref="fl-cd"/>
      </object_component>
      <object_component id="oc-c8">
         <name>.debug_abbrev</name>
         <load_address>0xcd5</load_address>
         <run_address>0xcd5</run_address>
         <size>0x4b</size>
         <input_file_ref idref="fl-cd"/>
      </object_component>
      <object_component id="oc-136">
         <name>.debug_abbrev</name>
         <load_address>0xd20</load_address>
         <run_address>0xd20</run_address>
         <size>0x9c</size>
         <input_file_ref idref="fl-ce"/>
      </object_component>
      <object_component id="oc-bc">
         <name>.debug_abbrev</name>
         <load_address>0xdbc</load_address>
         <run_address>0xdbc</run_address>
         <size>0x8c</size>
         <input_file_ref idref="fl-ce"/>
      </object_component>
      <object_component id="oc-13a">
         <name>.debug_abbrev</name>
         <load_address>0xe48</load_address>
         <run_address>0xe48</run_address>
         <size>0x24</size>
         <input_file_ref idref="fl-ce"/>
      </object_component>
      <object_component id="oc-be">
         <name>.debug_abbrev</name>
         <load_address>0xe6c</load_address>
         <run_address>0xe6c</run_address>
         <size>0x53</size>
         <input_file_ref idref="fl-cf"/>
      </object_component>
      <object_component id="oc-176">
         <name>.debug_abbrev</name>
         <load_address>0xebf</load_address>
         <run_address>0xebf</run_address>
         <size>0x86</size>
         <input_file_ref idref="fl-d0"/>
      </object_component>
      <object_component id="oc-158">
         <name>.debug_abbrev</name>
         <load_address>0xf45</load_address>
         <run_address>0xf45</run_address>
         <size>0x6c</size>
         <input_file_ref idref="fl-d0"/>
      </object_component>
      <object_component id="oc-159">
         <name>.debug_abbrev</name>
         <load_address>0xfb1</load_address>
         <run_address>0xfb1</run_address>
         <size>0x6c</size>
         <input_file_ref idref="fl-d0"/>
      </object_component>
      <object_component id="oc-15c">
         <name>.debug_abbrev</name>
         <load_address>0x101d</load_address>
         <run_address>0x101d</run_address>
         <size>0x6e</size>
         <input_file_ref idref="fl-d0"/>
      </object_component>
      <object_component id="oc-155">
         <name>.debug_abbrev</name>
         <load_address>0x108b</load_address>
         <run_address>0x108b</run_address>
         <size>0x6c</size>
         <input_file_ref idref="fl-d0"/>
      </object_component>
      <object_component id="oc-15b">
         <name>.debug_abbrev</name>
         <load_address>0x10f7</load_address>
         <run_address>0x10f7</run_address>
         <size>0x6c</size>
         <input_file_ref idref="fl-d0"/>
      </object_component>
      <object_component id="oc-15a">
         <name>.debug_abbrev</name>
         <load_address>0x1163</load_address>
         <run_address>0x1163</run_address>
         <size>0x6c</size>
         <input_file_ref idref="fl-d0"/>
      </object_component>
      <object_component id="oc-16f">
         <name>.debug_abbrev</name>
         <load_address>0x11cf</load_address>
         <run_address>0x11cf</run_address>
         <size>0x1f</size>
         <input_file_ref idref="fl-d0"/>
      </object_component>
      <object_component id="oc-174">
         <name>.debug_abbrev</name>
         <load_address>0x11ee</load_address>
         <run_address>0x11ee</run_address>
         <size>0x72</size>
         <input_file_ref idref="fl-d1"/>
      </object_component>
      <object_component id="oc-160">
         <name>.debug_abbrev</name>
         <load_address>0x1260</load_address>
         <run_address>0x1260</run_address>
         <size>0x6c</size>
         <input_file_ref idref="fl-d1"/>
      </object_component>
      <object_component id="oc-173">
         <name>.debug_abbrev</name>
         <load_address>0x12cc</load_address>
         <run_address>0x12cc</run_address>
         <size>0x6c</size>
         <input_file_ref idref="fl-d1"/>
      </object_component>
      <object_component id="oc-172">
         <name>.debug_abbrev</name>
         <load_address>0x1338</load_address>
         <run_address>0x1338</run_address>
         <size>0x6c</size>
         <input_file_ref idref="fl-d1"/>
      </object_component>
      <object_component id="oc-152">
         <name>.debug_abbrev</name>
         <load_address>0x13a4</load_address>
         <run_address>0x13a4</run_address>
         <size>0x7a</size>
         <input_file_ref idref="fl-d1"/>
      </object_component>
      <object_component id="oc-154">
         <name>.debug_abbrev</name>
         <load_address>0x141e</load_address>
         <run_address>0x141e</run_address>
         <size>0x6c</size>
         <input_file_ref idref="fl-d1"/>
      </object_component>
      <object_component id="oc-166">
         <name>.debug_abbrev</name>
         <load_address>0x148a</load_address>
         <run_address>0x148a</run_address>
         <size>0xb0</size>
         <input_file_ref idref="fl-d3"/>
      </object_component>
      <object_component id="oc-145">
         <name>.debug_abbrev</name>
         <load_address>0x153a</load_address>
         <run_address>0x153a</run_address>
         <size>0x6c</size>
         <input_file_ref idref="fl-d3"/>
      </object_component>
      <object_component id="oc-143">
         <name>.debug_abbrev</name>
         <load_address>0x15a6</load_address>
         <run_address>0x15a6</run_address>
         <size>0x7a</size>
         <input_file_ref idref="fl-d3"/>
      </object_component>
      <object_component id="oc-16a">
         <name>.debug_abbrev</name>
         <load_address>0x1620</load_address>
         <run_address>0x1620</run_address>
         <size>0x49</size>
         <input_file_ref idref="fl-d3"/>
      </object_component>
      <object_component id="oc-19d">
         <name>.debug_abbrev</name>
         <load_address>0x1669</load_address>
         <run_address>0x1669</run_address>
         <size>0xf</size>
      </object_component>
      <object_component id="oc-3e">
         <name>.debug_str</name>
         <load_address>0x0</load_address>
         <run_address>0x0</run_address>
         <size>0xfa</size>
         <input_file_ref idref="fl-2"/>
      </object_component>
      <object_component id="oc-80">
         <name>.debug_str</name>
         <load_address>0xfa</load_address>
         <run_address>0xfa</run_address>
         <size>0x21c</size>
         <input_file_ref idref="fl-2"/>
      </object_component>
      <object_component id="oc-39">
         <name>.debug_str</name>
         <load_address>0x316</load_address>
         <run_address>0x316</run_address>
         <size>0x10d</size>
         <input_file_ref idref="fl-bf"/>
      </object_component>
      <object_component id="oc-85">
         <name>.debug_str</name>
         <load_address>0x423</load_address>
         <run_address>0x423</run_address>
         <size>0x14a</size>
         <input_file_ref idref="fl-bf"/>
      </object_component>
      <object_component id="oc-49">
         <name>.debug_str</name>
         <load_address>0x56d</load_address>
         <run_address>0x56d</run_address>
         <size>0x100</size>
         <input_file_ref idref="fl-c0"/>
      </object_component>
      <object_component id="oc-8c">
         <name>.debug_str</name>
         <load_address>0x66d</load_address>
         <run_address>0x66d</run_address>
         <size>0x12d</size>
         <input_file_ref idref="fl-c0"/>
      </object_component>
      <object_component id="oc-55">
         <name>.debug_str</name>
         <load_address>0x79a</load_address>
         <run_address>0x79a</run_address>
         <size>0xfa</size>
         <input_file_ref idref="fl-c1"/>
      </object_component>
      <object_component id="oc-94">
         <name>.debug_str</name>
         <load_address>0x894</load_address>
         <run_address>0x894</run_address>
         <size>0x12d</size>
         <input_file_ref idref="fl-c1"/>
      </object_component>
      <object_component id="oc-127">
         <name>.debug_str</name>
         <load_address>0x9c1</load_address>
         <run_address>0x9c1</run_address>
         <size>0xd6</size>
         <input_file_ref idref="fl-cc"/>
      </object_component>
      <object_component id="oc-c5">
         <name>.debug_str</name>
         <load_address>0xa97</load_address>
         <run_address>0xa97</run_address>
         <size>0xe2</size>
         <input_file_ref idref="fl-cd"/>
      </object_component>
      <object_component id="oc-141">
         <name>.debug_str</name>
         <load_address>0xb79</load_address>
         <run_address>0xb79</run_address>
         <size>0x138</size>
         <input_file_ref idref="fl-cd"/>
      </object_component>
      <object_component id="oc-ca">
         <name>.debug_str</name>
         <load_address>0xcb1</load_address>
         <run_address>0xcb1</run_address>
         <size>0x184</size>
         <input_file_ref idref="fl-cd"/>
      </object_component>
      <object_component id="oc-13c">
         <name>.debug_str</name>
         <load_address>0xe35</load_address>
         <run_address>0xe35</run_address>
         <size>0xd7</size>
         <input_file_ref idref="fl-ce"/>
      </object_component>
      <object_component id="oc-171">
         <name>.debug_str</name>
         <load_address>0xf0c</load_address>
         <run_address>0xf0c</run_address>
         <size>0xf5</size>
         <input_file_ref idref="fl-d0"/>
      </object_component>
      <object_component id="oc-16c">
         <name>.debug_str</name>
         <load_address>0x1001</load_address>
         <run_address>0x1001</run_address>
         <size>0x141</size>
         <input_file_ref idref="fl-d3"/>
      </object_component>
      <object_component id="oc-aa">
         <name>.debug_aranges</name>
         <load_address>0x0</load_address>
         <run_address>0x0</run_address>
         <size>0x20</size>
         <input_file_ref idref="fl-2"/>
      </object_component>
      <object_component id="oc-2e">
         <name>.debug_aranges</name>
         <load_address>0x20</load_address>
         <run_address>0x20</run_address>
         <size>0x38</size>
         <input_file_ref idref="fl-3"/>
      </object_component>
      <object_component id="oc-28">
         <name>.debug_aranges</name>
         <load_address>0x58</load_address>
         <run_address>0x58</run_address>
         <size>0x20</size>
         <input_file_ref idref="fl-be"/>
      </object_component>
      <object_component id="oc-13">
         <name>.debug_aranges</name>
         <load_address>0x78</load_address>
         <run_address>0x78</run_address>
         <size>0x20</size>
         <input_file_ref idref="fl-bf"/>
      </object_component>
      <object_component id="oc-1a">
         <name>.debug_aranges</name>
         <load_address>0x98</load_address>
         <run_address>0x98</run_address>
         <size>0x20</size>
         <input_file_ref idref="fl-c0"/>
      </object_component>
      <object_component id="oc-23">
         <name>.debug_aranges</name>
         <load_address>0xb8</load_address>
         <run_address>0xb8</run_address>
         <size>0x20</size>
         <input_file_ref idref="fl-c1"/>
      </object_component>
      <object_component id="oc-71">
         <name>.debug_aranges</name>
         <load_address>0xd8</load_address>
         <run_address>0xd8</run_address>
         <size>0x30</size>
         <input_file_ref idref="fl-c2"/>
      </object_component>
      <object_component id="oc-10f">
         <name>.debug_aranges</name>
         <load_address>0x108</load_address>
         <run_address>0x108</run_address>
         <size>0x20</size>
         <input_file_ref idref="fl-c3"/>
      </object_component>
      <object_component id="oc-114">
         <name>.debug_aranges</name>
         <load_address>0x128</load_address>
         <run_address>0x128</run_address>
         <size>0x20</size>
         <input_file_ref idref="fl-c4"/>
      </object_component>
      <object_component id="oc-43">
         <name>.debug_aranges</name>
         <load_address>0x148</load_address>
         <run_address>0x148</run_address>
         <size>0x20</size>
         <input_file_ref idref="fl-c5"/>
      </object_component>
      <object_component id="oc-4c">
         <name>.debug_aranges</name>
         <load_address>0x168</load_address>
         <run_address>0x168</run_address>
         <size>0x28</size>
         <input_file_ref idref="fl-c6"/>
      </object_component>
      <object_component id="oc-59">
         <name>.debug_aranges</name>
         <load_address>0x190</load_address>
         <run_address>0x190</run_address>
         <size>0x20</size>
         <input_file_ref idref="fl-c7"/>
      </object_component>
      <object_component id="oc-5e">
         <name>.debug_aranges</name>
         <load_address>0x1b0</load_address>
         <run_address>0x1b0</run_address>
         <size>0x20</size>
         <input_file_ref idref="fl-c8"/>
      </object_component>
      <object_component id="oc-10b">
         <name>.debug_aranges</name>
         <load_address>0x1d0</load_address>
         <run_address>0x1d0</run_address>
         <size>0x20</size>
[...]
         <run_address>0x0</run_address>
         <size>0x440</size>
         <contents>
            <object_component_ref idref="oc-aa"/>
            <object_component_ref idref="oc-2e"/>
            <object_component_ref idref="oc-28"/>
            <object_component_ref idref="oc-13"/>
            <object_component_ref idref="oc-1a"/>
            <object_component_ref idref="oc-23"/>
            <object_component_ref idref="oc-71"/>
            <object_component_ref idref="oc-10f"/>
            <object_component_ref idref="oc-114"/>
            <object_component_ref idref="oc-43"/>
            <object_component_ref idref="oc-4c"/>
            <object_component_ref idref="oc-59"/>
            <object_component_ref idref="oc-5e"/>
            <object_component_ref idref="oc-10b"/>
            <object_component_ref idref="oc-12b"/>
            <object_component_ref idref="oc-6b"/>
            <object_component_ref idref="oc-65"/>
            <object_component_ref idref="oc-9a"/>
            <object_component_ref idref="oc-a0"/>
            <object_component_ref idref="oc-eb"/>
            <object_component_ref idref="oc-f1"/>
            <object_component_ref idref="oc-103"/>
            <object_component_ref idref="oc-e5"/>
            <object_component_ref idref="oc-fd"/>
            <object_component_ref idref="oc-f7"/>
            <object_component_ref idref="oc-118"/>
            <object_component_ref idref="oc-14e"/>
            <object_component_ref idref="oc-148"/>
            <object_component_ref idref="oc-d9"/>
            <object_component_ref idref="oc-df"/>
            <object_component_ref idref="oc-d4"/>
            <object_component_ref idref="oc-cf"/>
         </contents>
      </logical_group>
      <logical_group id="lg-193" display="never" color="cyan">
         <name>.debug_pubnames</name>
         <load_address>0x0</load_address>
         <run_address>0x0</run_address>
         <size>0x63a</size>
         <contents>
            <object_component_ref idref="oc-11e"/>
            <object_component_ref idref="oc-a9"/>
            <object_component_ref idref="oc-11"/>
            <object_component_ref idref="oc-2d"/>
            <object_component_ref idref="oc-27"/>
            <object_component_ref idref="oc-17"/>
            <object_component_ref idref="oc-1b"/>
            <object_component_ref idref="oc-22"/>
            <object_component_ref idref="oc-b1"/>
            <object_component_ref idref="oc-73"/>
            <object_component_ref idref="oc-10e"/>
            <object_component_ref idref="oc-115"/>
            <object_component_ref idref="oc-42"/>
            <object_component_ref idref="oc-4f"/>
            <object_component_ref idref="oc-5a"/>
            <object_component_ref idref="oc-62"/>
            <object_component_ref idref="oc-77"/>
            <object_component_ref idref="oc-10a"/>
            <object_component_ref idref="oc-b4"/>
            <object_component_ref idref="oc-12d"/>
            <object_component_ref idref="oc-6d"/>
            <object_component_ref idref="oc-66"/>
            <object_component_ref idref="oc-9e"/>
            <object_component_ref idref="oc-a2"/>
            <object_component_ref idref="oc-157"/>
            <object_component_ref idref="oc-ec"/>
            <object_component_ref idref="oc-f2"/>
            <object_component_ref idref="oc-104"/>
            <object_component_ref idref="oc-e6"/>
            <object_component_ref idref="oc-fe"/>
            <object_component_ref idref="oc-f8"/>
            <object_component_ref idref="oc-119"/>
            <object_component_ref idref="oc-14f"/>
            <object_component_ref idref="oc-149"/>
            <object_component_ref idref="oc-da"/>
            <object_component_ref idref="oc-e0"/>
            <object_component_ref idref="oc-d5"/>
            <object_component_ref idref="oc-ce"/>
         </contents>
      </logical_group>
      <logical_group id="lg-195" display="never" color="cyan">
         <name>.debug_pubtypes</name>
         <load_address>0x0</load_address>
         <run_address>0x0</run_address>
         <size>0x66d</size>
         <contents>
            <object_component_ref idref="oc-3b"/>
            <object_component_ref idref="oc-7d"/>
            <object_component_ref idref="oc-36"/>
            <object_component_ref idref="oc-82"/>
            <object_component_ref idref="oc-46"/>
            <object_component_ref idref="oc-89"/>
            <object_component_ref idref="oc-52"/>
            <object_component_ref idref="oc-91"/>
            <object_component_ref idref="oc-b7"/>
            <object_component_ref idref="oc-133"/>
            <object_component_ref idref="oc-124"/>
            <object_component_ref idref="oc-c2"/>
            <object_component_ref idref="oc-13e"/>
            <object_component_ref idref="oc-c7"/>
            <object_component_ref idref="oc-139"/>
            <object_component_ref idref="oc-16e"/>
            <object_component_ref idref="oc-169"/>
         </contents>
      </logical_group>
      <load_segment id="lg-19f" display="no" color="cyan">
         <name>SEGMENT_0</name>
         <load_address>0x0</load_address>
         <run_address>0x0</run_address>
         <size>0xcb0</size>
         <flags>0x5</flags>
         <contents>
            <logical_group_ref idref="lg-3"/>
            <logical_group_ref idref="lg-4"/>
            <logical_group_ref idref="lg-6"/>
         </contents>
      </load_segment>
      <load_segment id="lg-1a0" display="no" color="cyan">
         <name>SEGMENT_1</name>
         <run_address>0x20000000</run_address>
         <size>0x220</size>
         <flags>0x6</flags>
         <contents>
            <logical_group_ref idref="lg-d"/>
            <logical_group_ref idref="lg-a"/>
            <logical_group_ref idref="lg-b"/>
         </contents>
      </load_segment>
   </logical_group_list>
   <placement_map>
      <memory_area display="yes" color="green">
         <name>FLASH</name>
         <page_id>0x0</page_id>
         <origin>0x0</origin>
         <length>0x40000</length>
         <used_space>0xcac</used_space>
         <unused_space>0x3f354</unused_space>
         <attributes>RX</attributes>
         <usage_details>
            <allocated_space>
               <start_address>0x0</start_address>
               <size>0x26c</size>
               <logical_group_ref idref="lg-3"/>
            </allocated_space>
            <allocated_space>
               <start_address>0x26c</start_address>
               <size>0xa08</size>
               <logical_group_ref idref="lg-4"/>
            </allocated_space>
            <available_space>
               <start_address>0xc74</start_address>
               <size>0x4</size>
            </available_space>
            <allocated_space>
               <start_address>0xc78</start_address>
               <size>0x38</size>
               <logical_group_ref idref="lg-6"/>
            </allocated_space>
            <available_space>
               <start_address>0xcb0</start_address>
               <size>0x3f350</size>
            </available_space>
         </usage_details>
      </memory_area>
      <memory_area display="yes" color="green">
         <name>SRAM</name>
         <page_id>0x0</page_id>
         <origin>0x20000000</origin>
         <length>0x8000</length>
         <used_space>0x220</used_space>
         <unused_space>0x7de0</unused_space>
         <attributes>RWX</attributes>
         <usage_details>
            <allocated_space>
               <start_address>0x20000000</start_address>
               <size>0x200</size>
               <logical_group_ref idref="lg-d"/>
            </allocated_space>
            <allocated_space>
               <start_address>0x20000200</start_address>
               <size>0x18</size>
               <logical_group_ref idref="lg-a"/>
            </allocated_space>
            <allocated_space>
               <start_address>0x20000218</start_address>
               <size>0x8</size>
               <logical_group_ref idref="lg-b"/>
            </allocated_space>
            <available_space>
               <start_address>0x20000220</start_address>
               <size>0x7de0</size>
            </available_space>
         </usage_details>
      </memory_area>
   </placement_map>
   <cptbl_list>
      <cptbl>
         <name>__TI_cinit_table</name>
         <cprec>
            <name>.data</name>
            <load_address>0xc78</load_address>
            <load_size>0x11</load_size>
            <run_address>0x20000200</run_address>
            <run_size>0x18</run_size>
            <compression>lzss</compression>
         </cprec>
         <cprec>
            <name>.bss</name>
            <load_address>0xc98</load_address>
            <load_size>0x8</load_size>
            <run_address>0x20000218</run_address>
            <run_size>0x8</run_size>
            <compression>zero_init</compression>
         </cprec>
      </cptbl>
   </cptbl_list>
   <handler_table>
      <handler_table_name>__TI_handler_table</handler_table_name>
      <handler>
         <index>0x0</index>
         <name>__TI_decompress_lzss</name>
      </handler>
      <handler>
         <index>0x1</index>
         <name>__TI_decompress_none</name>
      </handler>
      <handler>
         <index>0x2</index>
         <name>__TI_zero_init</name>
      </handler>
   </handler_table>
   <symbol_table>
      <symbol id="sm-1">
         <name>__STACK_TOP</name>
         <value>0x20000200</value>
      </symbol>
      <symbol id="sm-2">
         <name>__TI_CINIT_Base</name>
         <value>0xca0</value>
      </symbol>
      <symbol id="sm-3">
         <name>__TI_CINIT_Limit</name>
         <value>0xcb0</value>
      </symbol>
      <symbol id="sm-4">
         <name>__TI_Handler_Table_Base</name>
         <value>0xc8c</value>
      </symbol>
      <symbol id="sm-5">
         <name>__TI_Handler_Table_Limit</name>
         <value>0xc98</value>
      </symbol>
      <symbol id="sm-6">
         <name>binit</name>
         <value>0xffffffff</value>
      </symbol>
      <symbol id="sm-7">
         <name>__binit__</name>
         <value>0xffffffff</value>
      </symbol>
      <symbol id="sm-8">
         <name>__STACK_SIZE</name>
         <value>0x200</value>
      </symbol>
      <symbol id="sm-9">
         <name>__STACK_END</name>
         <value>0x20000200</value>
      </symbol>
      <symbol id="sm-a">
         <name>__c_args__</name>
         <value>0xffffffff</value>
      </symbol>
      <symbol id="sm-b">
         <name>__TI_pprof_out_hndl</name>
         <value>0xffffffff</value>
      </symbol>
      <symbol id="sm-c">
         <name>__TI_prof_data_start</name>
         <value>0xffffffff</value>
      </symbol>
      <symbol id="sm-d">
         <name>__TI_prof_data_size</name>
         <value>0xffffffff</value>
      </symbol>
      <symbol id="sm-50">
         <name>ADCValue</name>
         <value>0x20000218</value>
      </symbol>
      <symbol id="sm-51">
         <name>DegValue</name>
         <value>0x2000021c</value>
      </symbol>
      <symbol id="sm-52">
         <name>main</name>
         <value>0x26d</value>
         <object_component_ref idref="oc-a7"/>
      </symbol>
      <symbol id="sm-6e">
         <name>ResetISR</name>
         <value>0xc4b</value>
         <object_component_ref idref="oc-2b"/>
      </symbol>
      <symbol id="sm-6f">
         <name>g_pfnVectors</name>
         <value>0x0</value>
         <object_component_ref idref="oc-f"/>
      </symbol>
      <symbol id="sm-80">
         <name>_c_int00</name>
         <value>0x991</value>
         <object_component_ref idref="oc-24"/>
      </symbol>
      <symbol id="sm-81">
         <name>__stack</name>
         <value>0x20000000</value>
         <object_component_ref idref="oc-2a"/>
      </symbol>
      <symbol id="sm-9f">
         <name>__TI_decompress_lzss</name>
         <value>0x929</value>
         <object_component_ref idref="oc-12"/>
      </symbol>
      <symbol id="sm-b6">
         <name>__TI_decompress_none</name>
         <value>0xc31</value>
         <object_component_ref idref="oc-18"/>
      </symbol>
      <symbol id="sm-cd">
         <name>__TI_zero_init</name>
         <value>0xc3f</value>
         <object_component_ref idref="oc-1e"/>
      </symbol>
      <symbol id="sm-ee">
         <name>C$$EXIT</name>
         <value>0x9e5</value>
         <object_component_ref idref="oc-6f"/>
      </symbol>
      <symbol id="sm-ef">
         <name>abort</name>
         <value>0x9e9</value>
         <object_component_ref idref="oc-6f"/>
      </symbol>
      <symbol id="sm-f0">
         <name>exit</name>
         <value>0x9f1</value>
         <object_component_ref idref="oc-6f"/>
      </symbol>
      <symbol id="sm-f1">
         <name>__TI_dtors_ptr</name>
         <value>0x20000204</value>
         <object_component_ref idref="oc-af"/>
      </symbol>
      <symbol id="sm-f2">
         <name>__TI_cleanup_ptr</name>
         <value>0x20000200</value>
         <object_component_ref idref="oc-af"/>
      </symbol>
      <symbol id="sm-f3">
         <name>__TI_enable_exit_profile_output</name>
         <value>0x20000208</value>
         <object_component_ref idref="oc-af"/>
      </symbol>
      <symbol id="sm-107">
         <name>__aeabi_ddiv</name>
         <value>0x3cd</value>
         <object_component_ref idref="oc-10c"/>
      </symbol>
      <symbol id="sm-111">
         <name>__aeabi_d2uiz</name>
         <value>0xad5</value>
         <object_component_ref idref="oc-111"/>
      </symbol>
      <symbol id="sm-12c">
         <name>memcpy</name>
         <value>0x729</value>
         <object_component_ref idref="oc-3f"/>
      </symbol>
      <symbol id="sm-12d">
         <name>__aeabi_memcpy</name>
         <value>0x729</value>
         <object_component_ref idref="oc-3f"/>
      </symbol>
      <symbol id="sm-12e">
         <name>__aeabi_memcpy8</name>
         <value>0x729</value>
         <object_component_ref idref="oc-3f"/>
      </symbol>
      <symbol id="sm-12f">
         <name>__aeabi_memcpy4</name>
         <value>0x729</value>
         <object_component_ref idref="oc-3f"/>
      </symbol>
      <symbol id="sm-13e">
         <name>__aeabi_memset</name>
         <value>0x841</value>
         <object_component_ref idref="oc-4b"/>
      </symbol>
      <symbol id="sm-13f">
         <name>memset</name>
         <value>0x847</value>
         <object_component_ref idref="oc-4b"/>
      </symbol>
      <symbol id="sm-140">
         <name>__aeabi_memset8</name>
         <value>0x841</value>
         <object_component_ref idref="oc-4b"/>
      </symbol>
      <symbol id="sm-141">
         <name>__aeabi_memset4</name>
         <value>0x841</value>
         <object_component_ref idref="oc-4b"/>
      </symbol>
      <symbol id="sm-142">
         <name>__aeabi_memclr8</name>
         <value>0x83f</value>
         <object_component_ref idref="oc-4b"/>
      </symbol>
      <symbol id="sm-143">
         <name>__aeabi_memclr4</name>
         <value>0x83f</value>
         <object_component_ref idref="oc-4b"/>
      </symbol>
      <symbol id="sm-144">
         <name>__aeabi_memclr</name>
         <value>0x83f</value>
         <object_component_ref idref="oc-4b"/>
      </symbol>
      <symbol id="sm-14e">
         <name>__mpu_init</name>
         <value>0xc71</value>
         <object_component_ref idref="oc-57"/>
      </symbol>
      <symbol id="sm-158">
         <name>_system_pre_init</name>
         <value>0xc6d</value>
         <object_component_ref idref="oc-5d"/>
      </symbol>
      <symbol id="sm-160">
         <name>main_func_sp</name>
         <value>0x20000214</value>
         <object_component_ref idref="oc-75"/>
      </symbol>
      <symbol id="sm-16a">
         <name>__aeabi_ui2d</name>
         <value>0xb77</value>
         <object_component_ref idref="oc-107"/>
      </symbol>
      <symbol id="sm-183">
         <name>_nop</name>
         <value>0xc0b</value>
         <object_component_ref idref="oc-12a"/>
      </symbol>
      <symbol id="sm-184">
         <name>_lock</name>
         <value>0x2000020c</value>
         <object_component_ref idref="oc-b2"/>
      </symbol>
      <symbol id="sm-185">
         <name>_unlock</name>
         <value>0x20000210</value>
         <object_component_ref idref="oc-b2"/>
      </symbol>
      <symbol id="sm-186">
         <name>_register_lock</name>
         <value>0xc03</value>
         <object_component_ref idref="oc-12a"/>
      </symbol>
      <symbol id="sm-187">
         <name>_register_unlock</name>
         <value>0xbfd</value>
         <object_component_ref idref="oc-12a"/>
      </symbol>
      <symbol id="sm-19b">
         <name>_args_main</name>
         <value>0xbe5</value>
         <object_component_ref idref="oc-69"/>
      </symbol>
      <symbol id="sm-1c5">
         <name>__TI_auto_init</name>
         <value>0x8b9</value>
         <object_component_ref idref="oc-63"/>
      </symbol>
      <symbol id="sm-1df">
         <name>copy_in</name>
         <value>0xa89</value>
         <object_component_ref idref="oc-99"/>
      </symbol>
      <symbol id="sm-1e9">
         <name>_system_post_cinit</name>
         <value>0xc73</value>
         <object_component_ref idref="oc-9f"/>
      </symbol>
      <symbol id="sm-22a">
         <name>ADCProcessorTrigger</name>
         <value>0xbb5</value>
         <object_component_ref idref="oc-fb"/>
      </symbol>
      <symbol id="sm-22b">
         <name>ADCSequenceEnable</name>
         <value>0xc23</value>
         <object_component_ref idref="oc-ef"/>
      </symbol>
      <symbol id="sm-22c">
         <name>ADCSequenceConfigure</name>
         <value>0xa39</value>
         <object_component_ref idref="oc-e3"/>
      </symbol>
      <symbol id="sm-22d">
         <name>ADCSequenceStepConfigure</name>
         <value>0x7c5</value>
         <object_component_ref idref="oc-e9"/>
      </symbol>
      <symbol id="sm-22e">
         <name>ADCIntClear</name>
         <value>0xc57</value>
         <object_component_ref idref="oc-f5"/>
      </symbol>
      <symbol id="sm-22f">
         <name>ADCSequenceDataGet</name>
         <value>0xb97</value>
         <object_component_ref idref="oc-101"/>
      </symbol>
      <symbol id="sm-25e">
         <name>GPIOPinTypeADC</name>
         <value>0xc11</value>
         <object_component_ref idref="oc-dd"/>
      </symbol>
      <symbol id="sm-25f">
         <name>GPIOPinTypeGPIOOutput</name>
         <value>0xbcd</value>
         <object_component_ref idref="oc-d7"/>
      </symbol>
      <symbol id="sm-260">
         <name>GPIODirModeSet</name>
         <value>0xb4d</value>
         <object_component_ref idref="oc-14c"/>
      </symbol>
      <symbol id="sm-261">
         <name>GPIOPinWrite</name>
         <value>0xc61</value>
         <object_component_ref idref="oc-116"/>
      </symbol>
      <symbol id="sm-262">
         <name>GPIOPadConfigSet</name>
         <value>0x503</value>
         <object_component_ref idref="oc-146"/>
      </symbol>
      <symbol id="sm-28f">
         <name>SysCtlClockSet</name>
         <value>0x635</value>
         <object_component_ref idref="oc-cb"/>
      </symbol>
      <symbol id="sm-290">
         <name>SysCtlDelay</name>
         <value>0xc67</value>
         <object_component_ref idref="oc-142"/>
      </symbol>
      <symbol id="sm-291">
         <name>SysCtlPeripheralEnable</name>
         <value>0xb19</value>
         <object_component_ref idref="oc-d1"/>
      </symbol>
      <symbol id="sm-293">
         <name>__TI_static_base__</name>
         <value>0x0</value>
      </symbol>
      <symbol id="sm-296">
         <name>SHT$$INIT_ARRAY$$Limit</name>
         <value>0x0</value>
      </symbol>
      <symbol id="sm-297">
         <name>SHT$$INIT_ARRAY$$Base</name>
         <value>0x0</value>
      </symbol>
   </symbol_table>
   <title>Link successful</title>
</link_info>
